Archive member included to satisfy reference by file (symbol)

C:/ST/STM32CubeIDE_1.19.0/STM32CubeIDE/plugins/com.st.stm32cube.ide.mcu.externaltools.gnu-tools-for-stm32.13.3.rel1.win32_1.0.0.202411081344/tools/bin/../lib/gcc/arm-none-eabi/13.3.1/../../../../arm-none-eabi/lib/thumb/v7e-m+fp/hard\libc_nano.a(libc_a-exit.o)
                              C:/ST/STM32CubeIDE_1.19.0/STM32CubeIDE/plugins/com.st.stm32cube.ide.mcu.externaltools.gnu-tools-for-stm32.13.3.rel1.win32_1.0.0.202411081344/tools/bin/../lib/gcc/arm-none-eabi/13.3.1/../../../../arm-none-eabi/lib/thumb/v7e-m+fp/hard/crt0.o (exit)
C:/ST/STM32CubeIDE_1.19.0/STM32CubeIDE/plugins/com.st.stm32cube.ide.mcu.externaltools.gnu-tools-for-stm32.13.3.rel1.win32_1.0.0.202411081344/tools/bin/../lib/gcc/arm-none-eabi/13.3.1/../../../../arm-none-eabi/lib/thumb/v7e-m+fp/hard\libc_nano.a(libc_a-malloc.o)
                              ./Middlewares/Third_Party/FatFs/src/option/syscall.o (malloc)
C:/ST/STM32CubeIDE_1.19.0/STM32CubeIDE/plugins/com.st.stm32cube.ide.mcu.externaltools.gnu-tools-for-stm32.13.3.rel1.win32_1.0.0.202411081344/tools/bin/../lib/gcc/arm-none-eabi/13.3.1/../../../../arm-none-eabi/lib/thumb/v7e-m+fp/hard\libc_nano.a(libc_a-mallocr.o)
                              C:/ST/STM32CubeIDE_1.19.0/STM32CubeIDE/plugins/com.st.stm32cube.ide.mcu.externaltools.gnu-tools-for-stm32.13.3.rel1.win32_1.0.0.202411081344/tools/bin/../lib/gcc/arm-none-eabi/13.3.1/../../../../arm-none-eabi/lib/thumb/v7e-m+fp/hard\libc_nano.a(libc_a-malloc.o) (_malloc_r)
C:/ST/STM32CubeIDE_1.19.0/STM32CubeIDE/plugins/com.st.stm32cube.ide.mcu.externaltools.gnu-tools-for-stm32.13.3.rel1.win32_1.0.0.202411081344/tools/bin/../lib/gcc/arm-none-eabi/13.3.1/../../../../arm-none-eabi/lib/thumb/v7e-m+fp/hard\libc_nano.a(libc_a-mlock.o)
                              C:/ST/STM32CubeIDE_1.19.0/STM32CubeIDE/plugins/com.st.stm32cube.ide.mcu.externaltools.gnu-tools-for-stm32.13.3.rel1.win32_1.0.0.202411081344/tools/bin/../lib/gcc/arm-none-eabi/13.3.1/../../../../arm-none-eabi/lib/thumb/v7e-m+fp/hard\libc_nano.a(libc_a-mallocr.o) (__malloc_lock)
C:/ST/STM32CubeIDE_1.19.0/STM32CubeIDE/plugins/com.st.stm32cube.ide.mcu.externaltools.gnu-tools-for-stm32.13.3.rel1.win32_1.0.0.202411081344/tools/bin/../lib/gcc/arm-none-eabi/13.3.1/../../../../arm-none-eabi/lib/thumb/v7e-m+fp/hard\libc_nano.a(libc_a-findfp.o)
                              C:/ST/STM32CubeIDE_1.19.0/STM32CubeIDE/plugins/com.st.stm32cube.ide.mcu.externaltools.gnu-tools-for-stm32.13.3.rel1.win32_1.0.0.202411081344/tools/bin/../lib/gcc/arm-none-eabi/13.3.1/../../../../arm-none-eabi/lib/thumb/v7e-m+fp/hard\libc_nano.a(libc_a-exit.o) (__stdio_exit_handler)
C:/ST/STM32CubeIDE_1.19.0/STM32CubeIDE/plugins/com.st.stm32cube.ide.mcu.externaltools.gnu-tools-for-stm32.13.3.rel1.win32_1.0.0.202411081344/tools/bin/../lib/gcc/arm-none-eabi/13.3.1/../../../../arm-none-eabi/lib/thumb/v7e-m+fp/hard\libc_nano.a(libc_a-fwalk.o)
                              C:/ST/STM32CubeIDE_1.19.0/STM32CubeIDE/plugins/com.st.stm32cube.ide.mcu.externaltools.gnu-tools-for-stm32.13.3.rel1.win32_1.0.0.202411081344/tools/bin/../lib/gcc/arm-none-eabi/13.3.1/../../../../arm-none-eabi/lib/thumb/v7e-m+fp/hard\libc_nano.a(libc_a-findfp.o) (_fwalk_sglue)
C:/ST/STM32CubeIDE_1.19.0/STM32CubeIDE/plugins/com.st.stm32cube.ide.mcu.externaltools.gnu-tools-for-stm32.13.3.rel1.win32_1.0.0.202411081344/tools/bin/../lib/gcc/arm-none-eabi/13.3.1/../../../../arm-none-eabi/lib/thumb/v7e-m+fp/hard\libc_nano.a(libc_a-printf.o)
                              ./Core/Src/main.o (printf)
C:/ST/STM32CubeIDE_1.19.0/STM32CubeIDE/plugins/com.st.stm32cube.ide.mcu.externaltools.gnu-tools-for-stm32.13.3.rel1.win32_1.0.0.202411081344/tools/bin/../lib/gcc/arm-none-eabi/13.3.1/../../../../arm-none-eabi/lib/thumb/v7e-m+fp/hard\libc_nano.a(libc_a-puts.o)
                              ./Core/Src/main.o (puts)
C:/ST/STM32CubeIDE_1.19.0/STM32CubeIDE/plugins/com.st.stm32cube.ide.mcu.externaltools.gnu-tools-for-stm32.13.3.rel1.win32_1.0.0.202411081344/tools/bin/../lib/gcc/arm-none-eabi/13.3.1/../../../../arm-none-eabi/lib/thumb/v7e-m+fp/hard\libc_nano.a(libc_a-sprintf.o)
                              ./FILE_TEST/file_opera.o (sprintf)
C:/ST/STM32CubeIDE_1.19.0/STM32CubeIDE/plugins/com.st.stm32cube.ide.mcu.externaltools.gnu-tools-for-stm32.13.3.rel1.win32_1.0.0.202411081344/tools/bin/../lib/gcc/arm-none-eabi/13.3.1/../../../../arm-none-eabi/lib/thumb/v7e-m+fp/hard\libc_nano.a(libc_a-stdio.o)
                              C:/ST/STM32CubeIDE_1.19.0/STM32CubeIDE/plugins/com.st.stm32cube.ide.mcu.externaltools.gnu-tools-for-stm32.13.3.rel1.win32_1.0.0.202411081344/tools/bin/../lib/gcc/arm-none-eabi/13.3.1/../../../../arm-none-eabi/lib/thumb/v7e-m+fp/hard\libc_nano.a(libc_a-findfp.o) (__sread)
[...]
Memory Configuration

Name             Origin             Length             Attributes
CCMRAM           0x10000000         0x00010000         xrw
RAM              0x20000000         0x00020000         xrw
FLASH            0x08000000         0x00100000         xr
*default*        0x00000000         0xffffffff

Linker script and memory map

LOAD C:/ST/STM32CubeIDE_1.19.0/STM32CubeIDE/plugins/com.st.stm32cube.ide.mcu.externaltools.gnu-tools-for-stm32.13.3.rel1.win32_1.0.0.202411081344/tools/bin/../lib/gcc/arm-none-eabi/13.3.1/thumb/v7e-m+fp/hard/crti.o
LOAD C:/ST/STM32CubeIDE_1.19.0/STM32CubeIDE/plugins/com.st.stm32cube.ide.mcu.externaltools.gnu-tools-for-stm32.13.3.rel1.win32_1.0.0.202411081344/tools/bin/../lib/gcc/arm-none-eabi/13.3.1/thumb/v7e-m+fp/hard/crtbegin.o
LOAD C:/ST/STM32CubeIDE_1.19.0/STM32CubeIDE/plugins/com.st.stm32cube.ide.mcu.externaltools.gnu-tools-for-stm32.13.3.rel1.win32_1.0.0.202411081344/tools/bin/../lib/gcc/arm-none-eabi/13.3.1/../../../../arm-none-eabi/lib/thumb/v7e-m+fp/hard/crt0.o
LOAD ./Core/Src/dma.o
LOAD ./Core/Src/gpio.o
LOAD ./Core/Src/main.o
LOAD ./Core/Src/rtc.o
LOAD ./Core/Src/sdio.o
LOAD ./Core/Src/stm32f4xx_hal_msp.o
LOAD ./Core/Src/stm32f4xx_it.o
LOAD ./Core/Src/syscalls.o
LOAD ./Core/Src/sysmem.o
LOAD ./Core/Src/system_stm32f4xx.o
LOAD ./Core/Src/usart.o
LOAD ./Core/Startup/startup_stm32f407zgtx.o
LOAD ./Drivers/STM32F4xx_HAL_Driver/Src/stm32f4xx_hal.o
LOAD ./Drivers/STM32F4xx_HAL_Driver/Src/stm32f4xx_hal_cortex.o
LOAD ./Drivers/STM32F4xx_HAL_Driver/Src/stm32f4xx_hal_dma.o
LOAD ./Drivers/STM32F4xx_HAL_Driver/Src/stm32f4xx_hal_dma_ex.o
LOAD ./Drivers/STM32F4xx_HAL_Driver/Src/stm32f4xx_hal_exti.o
LOAD ./Drivers/STM32F4xx_HAL_Driver/Src/stm32f4xx_hal_flash.o
LOAD ./Drivers/STM32F4xx_HAL_Driver/Src/stm32f4xx_hal_flash_ex.o
LOAD ./Drivers/STM32F4xx_HAL_Driver/Src/stm32f4xx_hal_flash_ramfunc.o
LOAD ./Drivers/STM32F4xx_HAL_Driver/Src/stm32f4xx_hal_gpio.o
LOAD ./Drivers/STM32F4xx_HAL_Driver/Src/stm32f4xx_hal_mmc.o
LOAD ./Drivers/STM32F4xx_HAL_Driver/Src/stm32f4xx_hal_pwr.o
LOAD ./Drivers/STM32F4xx_HAL_Driver/Src/stm32f4xx_hal_pwr_ex.o
LOAD ./Drivers/STM32F4xx_HAL_Driver/Src/stm32f4xx_hal_rcc.o
LOAD ./Drivers/STM32F4xx_HAL_Driver/Src/stm32f4xx_hal_rcc_ex.o
LOAD ./Drivers/STM32F4xx_HAL_Driver/Src/stm32f4xx_hal_rtc.o
LOAD ./Drivers/STM32F4xx_HAL_Driver/Src/stm32f4xx_hal_rtc_ex.o
LOAD ./Drivers/STM32F4xx_HAL_Driver/Src/stm32f4xx_hal_sd.o
LOAD ./Drivers/STM32F4xx_HAL_Driver/Src/stm32f4xx_hal_uart.o
LOAD ./Drivers/STM32F4xx_HAL_Driver/Src/stm32f4xx_ll_sdmmc.o
LOAD ./FATFS/App/fatfs.o
LOAD ./FATFS/Target/bsp_driver_sd.o
LOAD ./FATFS/Target/fatfs_platform.o
LOAD ./FATFS/Target/sd_diskio.o
LOAD ./FILE_TEST/file_opera.o
LOAD ./KEY_LED/keyled.o
LOAD ./Middlewares/Third_Party/FatFs/src/diskio.o
LOAD ./Middlewares/Third_Party/FatFs/src/ff.o
LOAD ./Middlewares/Third_Party/FatFs/src/ff_gen_drv.o
LOAD ./Middlewares/Third_Party/FatFs/src/option/cc936.o
LOAD ./Middlewares/Third_Party/FatFs/src/option/syscall.o
START GROUP
LOAD C:/ST/STM32CubeIDE_1.19.0/STM32CubeIDE/plugins/com.st.stm32cube.ide.mcu.externaltools.gnu-tools-for-stm32.13.3.rel1.win32_1.0.0.202411081344/tools/bin/../lib/gcc/arm-none-eabi/13.3.1/../../../../arm-none-eabi/lib/thumb/v7e-m+fp/hard\libc_nano.a
LOAD C:/ST/STM32CubeIDE_1.19.0/STM32CubeIDE/plugins/com.st.stm32cube.ide.mcu.externaltools.gnu-tools-for-stm32.13.3.rel1.win32_1.0.0.202411081344/tools/bin/../lib/gcc/arm-none-eabi/13.3.1/../../../../arm-none-eabi/lib/thumb/v7e-m+fp/hard\libm.a
END GROUP
START GROUP
LOAD C:/ST/STM32CubeIDE_1.19.0/STM32CubeIDE/plugins/com.st.stm32cube.ide.mcu.externaltools.gnu-tools-for-stm32.13.3.rel1.win32_1.0.0.202411081344/tools/bin/../lib/gcc/arm-none-eabi/13.3.1/thumb/v7e-m+fp/hard\libgcc.a
LOAD C:/ST/STM32CubeIDE_1.19.0/STM32CubeIDE/plugins/com.st.stm32cube.ide.mcu.externaltools.gnu-tools-for-stm32.13.3.rel1.win32_1.0.0.202411081344/tools/bin/../lib/gcc/arm-none-eabi/13.3.1/../../../../arm-none-eabi/lib/thumb/v7e-m+fp/hard\libc_nano.a
END GROUP
START GROUP
LOAD C:/ST/STM32CubeIDE_1.19.0/STM32CubeIDE/plugins/com.st.stm32cube.ide.mcu.externaltools.gnu-tools-for-stm32.13.3.rel1.win32_1.0.0.202411081344/tools/bin/../lib/gcc/arm-none-eabi/13.3.1/thumb/v7e-m+fp/hard\libgcc.a
LOAD C:/ST/STM32CubeIDE_1.19.0/STM32CubeIDE/plugins/com.st.stm32cube.ide.mcu.externaltools.gnu-tools-for-stm32.13.3.rel1.win32_1.0.0.202411081344/tools/bin/../lib/gcc/arm-none-eabi/13.3.1/../../../../arm-none-eabi/lib/thumb/v7e-m+fp/hard\libc_nano.a
LOAD C:/ST/STM32CubeIDE_1.19.0/STM32CubeIDE/plugins/com.st.stm32cube.ide.mcu.externaltools.gnu-tools-for-stm32.13.3.rel1.win32_1.0.0.202411081344/tools/bin/../lib/gcc/arm-none-eabi/13.3.1/../../../../arm-none-eabi/lib/thumb/v7e-m+fp/hard\libnosys.a
END GROUP
START GROUP
LOAD C:/ST/STM32CubeIDE_1.19.0/STM32CubeIDE/plugins/com.st.stm32cube.ide.mcu.externaltools.gnu-tools-for-stm32.13.3.rel1.win32_1.0.0.202411081344/tools/bin/../lib/gcc/arm-none-eabi/13.3.1/thumb/v7e-m+fp/hard\libgcc.a
LOAD C:/ST/STM32CubeIDE_1.19.0/STM32CubeIDE/plugins/com.st.stm32cube.ide.mcu.externaltools.gnu-tools-for-stm32.13.3.rel1.win32_1.0.0.202411081344/tools/bin/../lib/gcc/arm-none-eabi/13.3.1/../../../../arm-none-eabi/lib/thumb/v7e-m+fp/hard\libc_nano.a
LOAD C:/ST/STM32CubeIDE_1.19.0/STM32CubeIDE/plugins/com.st.stm32cube.ide.mcu.externaltools.gnu-tools-for-stm32.13.3.rel1.win32_1.0.0.202411081344/tools/bin/../lib/gcc/arm-none-eabi/13.3.1/../../../../arm-none-eabi/lib/thumb/v7e-m+fp/hard\libnosys.a
END GROUP
LOAD C:/ST/STM32CubeIDE_1.19.0/STM32CubeIDE/plugins/com.st.stm32cube.ide.mcu.externaltools.gnu-tools-for-stm32.13.3.rel1.win32_1.0.0.202411081344/tools/bin/../lib/gcc/arm-none-eabi/13.3.1/thumb/v7e-m+fp/hard/crtend.o
LOAD C:/ST/STM32CubeIDE_1.19.0/STM32CubeIDE/plugins/com.st.stm32cube.ide.mcu.externaltools.gnu-tools-for-stm32.13.3.rel1.win32_1.0.0.202411081344/tools/bin/../lib/gcc/arm-none-eabi/13.3.1/thumb/v7e-m+fp/hard/crtn.o
                0x20020000                        _estack = (ORIGIN (RAM) + LENGTH (RAM))
                0x00000200                        _Min_Heap_Size = 0x200
                0x00000400                        _Min_Stack_Size = 0x400

.isr_vector     0x08000000      0x188
                0x08000000                        . = ALIGN (0x4)
 *(.isr_vector)
 .isr_vector    0x08000000      0x188 ./Core/Startup/startup_stm32f407zgtx.o
                0x08000000                g_pfnVectors
                0x08000188                        . = ALIGN (0x4)

.text           0x08000190     0xc3a4
                0x08000190                        . = ALIGN (0x4)
 *(.text)
 .text          0x08000190       0x40 C:/ST/STM32CubeIDE_1.19.0/STM32CubeIDE/plugins/com.st.stm32cube.ide.mcu.externaltools.gnu-tools-for-stm32.13.3.rel1.win32_1.0.0.202411081344/tools/bin/../lib/gcc/arm-none-eabi/13.3.1/thumb/v7e-m+fp/hard/crtbegin.o
 .text          0x080001d0       0xa0 C:/ST/STM32CubeIDE_1.19.0/STM32CubeIDE/plugins/com.st.stm32cube.ide.mcu.externaltools.gnu-tools-for-stm32.13.3.rel1.win32_1.0.0.202411081344/tools/bin/../lib/gcc/arm-none-eabi/13.3.1/../../../../arm-none-eabi/lib/thumb/v7e-m+fp/hard\libc_nano.a(libc_a-memchr.o)
                0x080001d0                memchr
 .text          0x08000270       0x30 C:/ST/STM32CubeIDE_1.19.0/STM32CubeIDE/plugins/com.st.stm32cube.ide.mcu.externaltools.gnu-tools-for-stm32.13.3.rel1.win32_1.0.0.202411081344/tools/bin/../lib/gcc/arm-none-eabi/13.3.1/thumb/v7e-m+fp/hard\libgcc.a(_aeabi_uldivmod.o)
                0x08000270                __aeabi_uldivmod
 .text          0x080002a0      0x2f8 C:/ST/STM32CubeIDE_1.19.0/STM32CubeIDE/plugins/com.st.stm32cube.ide.mcu.externaltools.gnu-tools-for-stm32.13.3.rel1.win32_1.0.0.202411081344/tools/bin/../lib/gcc/arm-none-eabi/13.3.1/thumb/v7e-m+fp/hard\libgcc.a(_udivmoddi4.o)
                0x080002a0                __udivmoddi4
 .text          0x08000598        0x4 C:/ST/STM32CubeIDE_1.19.0/STM32CubeIDE/plugins/com.st.stm32cube.ide.mcu.externaltools.gnu-tools-for-stm32.13.3.rel1.win32_1.0.0.202411081344/tools/bin/../lib/gcc/arm-none-eabi/13.3.1/thumb/v7e-m+fp/hard\libgcc.a(_dvmd_tls.o)
                0x08000598                __aeabi_idiv0
                0x08000598                __aeabi_ldiv0
 *(.text*)
 .text.MX_DMA_Init
                0x0800059c       0x50 ./Core/Src/dma.o
                0x0800059c                MX_DMA_Init
 .text.MX_GPIO_Init
                0x080005ec      0x158 ./Core/Src/gpio.o
                0x080005ec                MX_GPIO_Init
 .text.main     0x08000744      0x334 ./Core/Src/main.o
                0x08000744                main
 .text.SystemClock_Config
                0x08000a78       0xd8 ./Core/Src/main.o
                0x08000a78                SystemClock_Config
 .text.SDCard_ShowInfo
                0x08000b50       0xd0 ./Core/Src/main.o
                0x08000b50                SDCard_ShowInfo
 .text.__io_putchar
                0x08000c20       0x24 ./Core/Src/main.o
                0x08000c20                __io_putchar
 .text.BSP_SD_IsDetected
                0x08000c44       0x34 ./Core/Src/main.o
                0x08000c44                BSP_SD_IsDetected
 .text.Error_Handler
                0x08000c78        0xc ./Core/Src/main.o
                0x08000c78                Error_Handler
 .text.MX_RTC_Init
                0x08000c84       0xb4 ./Core/Src/rtc.o
                0x08000c84                MX_RTC_Init
 .text.HAL_RTC_MspInit
                0x08000d38       0x54 ./Core/Src/rtc.o
                0x08000d38                HAL_RTC_MspInit
 .text.MX_SDIO_SD_Init
                0x08000d8c       0x60 ./Core/Src/sdio.o
                0x08000d8c                MX_SDIO_SD_Init
 .text.HAL_SD_MspInit
                0x08000dec      0x1e4 ./Core/Src/sdio.o
                0x08000dec                HAL_SD_MspInit
 .text.HAL_MspInit
                0x08000fd0       0x50 ./Core/Src/stm32f4xx_hal_msp.o
                0x08000fd0                HAL_MspInit
 .text.NMI_Handler
                0x08001020        0x8 ./Core/Src/stm32f4xx_it.o
                0x08001020                NMI_Handler
 .text.HardFault_Handler
                0x08001028        0x8 ./Core/Src/stm32f4xx_it.o
                0x08001028                HardFault_Handler
 .text.MemManage_Handler
                0x08001030        0x8 ./Core/Src/stm32f4xx_it.o
                0x08001030                MemManage_Handler
 .text.BusFault_Handler
                0x08001038        0x8 ./Core/Src/stm32f4xx_it.o
                0x08001038                BusFault_Handler
 .text.UsageFault_Handler
                0x08001040        0x8 ./Core/Src/stm32f4xx_it.o
                0x08001040                UsageFault_Handler
 .text.SVC_Handler
                0x08001048        0xe ./Core/Src/stm32f4xx_it.o
                0x08001048                SVC_Handler
 .text.DebugMon_Handler
                0x08001056        0xe ./Core/Src/stm32f4xx_it.o
                0x08001056                DebugMon_Handler
 .text.PendSV_Handler
                0x08001064        0xe ./Core/Src/stm32f4xx_it.o
                0x08001064                PendSV_Handler
 .text.SysTick_Handler
                0x08001072        0xc ./Core/Src/stm32f4xx_it.o
                0x08001072                SysTick_Handler
 *fill*         0x0800107e        0x2 
 .text.SDIO_IRQHandler
                0x08001080       0x14 ./Core/Src/stm32f4xx_it.o
                0x08001080                SDIO_IRQHandler
 .text.DMA2_Stream3_IRQHandler
                0x08001094       0x14 ./Core/Src/stm32f4xx_it.o
                0x08001094                DMA2_Stream3_IRQHandler
 .text.DMA2_Stream6_IRQHandler
                0x080010a8       0x14 ./Core/Src/stm32f4xx_it.o
                0x080010a8                DMA2_Stream6_IRQHandler
 .text._read    0x080010bc       0x3a ./Core/Src/syscalls.o
                0x080010bc                _read
 .text._write   0x080010f6       0x38 ./Core/Src/syscalls.o
                0x080010f6                _write
 .text._close   0x0800112e       0x18 ./Core/Src/syscalls.o
                0x0800112e                _close
 .text._fstat   0x08001146       0x20 ./Core/Src/syscalls.o
                0x08001146                _fstat
 .text._isatty  0x08001166       0x16 ./Core/Src/syscalls.o
                0x08001166                _isatty
 .text._lseek   0x0800117c       0x1a ./Core/Src/syscalls.o
                0x0800117c                _lseek
 *fill*         0x08001196        0x2 
 .text._sbrk    0x08001198       0x6c ./Core/Src/sysmem.o
                0x08001198                _sbrk
 .text.SystemInit
                0x08001204       0x24 ./Core/Src/system_stm32f4xx.o
                0x08001204                SystemInit
 .text.MX_USART6_UART_Init
                0x08001228       0x54 ./Core/Src/usart.o
                0x08001228                MX_USART6_UART_Init
 .text.HAL_UART_MspInit
                0x0800127c       0x90 ./Core/Src/usart.o
                0x0800127c                HAL_UART_MspInit
 .text.Reset_Handler
                0x0800130c       0x50 ./Core/Startup/startup_stm32f407zgtx.o
                0x0800130c                Reset_Handler
 .text.Default_Handler
                0x0800135c        0x2 ./Core/Startup/startup_stm32f407zgtx.o
                0x0800135c                RTC_Alarm_IRQHandler
                0x0800135c                HASH_RNG_IRQHandler
                0x0800135c                EXTI2_IRQHandler
                0x0800135c                TIM8_CC_IRQHandler
                0x0800135c                TIM1_CC_IRQHandler
                0x0800135c                DMA2_Stream5_IRQHandler
                0x0800135c                DMA1_Stream5_IRQHandler
                0x0800135c                PVD_IRQHandler
                0x0800135c                TAMP_STAMP_IRQHandler
                0x0800135c                CAN2_RX1_IRQHandler
                0x0800135c                EXTI3_IRQHandler
                0x0800135c                TIM8_TRG_COM_TIM14_IRQHandler
                0x0800135c                TIM1_UP_TIM10_IRQHandler
                0x0800135c                TIM8_UP_TIM13_IRQHandler
                0x0800135c                I2C3_ER_IRQHandler
                0x0800135c                EXTI0_IRQHandler
                0x0800135c                I2C2_EV_IRQHandler
                0x0800135c                DMA1_Stream2_IRQHandler
                0x0800135c                CAN1_RX0_IRQHandler
                0x0800135c                FPU_IRQHandler
                0x0800135c                OTG_HS_WKUP_IRQHandler
                0x0800135c                CAN2_SCE_IRQHandler
                0x0800135c                DMA2_Stream2_IRQHandler
                0x0800135c                SPI1_IRQHandler
                0x0800135c                TIM6_DAC_IRQHandler
                0x0800135c                TIM1_BRK_TIM9_IRQHandler
                0x0800135c                DCMI_IRQHandler
                0x0800135c                CAN2_RX0_IRQHandler
                0x0800135c                USART6_IRQHandler
                0x0800135c                USART3_IRQHandler
                0x0800135c                CAN1_RX1_IRQHandler
                0x0800135c                UART5_IRQHandler
                0x0800135c                DMA2_Stream0_IRQHandler
                0x0800135c                TIM4_IRQHandler
                0x0800135c                I2C1_EV_IRQHandler
                0x0800135c                DMA1_Stream6_IRQHandler
                0x0800135c                DMA1_Stream1_IRQHandler
                0x0800135c                UART4_IRQHandler
                0x0800135c                TIM3_IRQHandler
                0x0800135c                RCC_IRQHandler
                0x0800135c                TIM8_BRK_TIM12_IRQHandler
                0x0800135c                Default_Handler
                0x0800135c                EXTI15_10_IRQHandler
                0x0800135c                ADC_IRQHandler
                0x0800135c                DMA1_Stream7_IRQHandler
                0x0800135c                TIM7_IRQHandler
                0x0800135c                CAN2_TX_IRQHandler
                0x0800135c                TIM5_IRQHandler
                0x0800135c                DMA2_Stream7_IRQHandler
                0x0800135c                I2C3_EV_IRQHandler
                0x0800135c                EXTI9_5_IRQHandler
                0x0800135c                RTC_WKUP_IRQHandler
                0x0800135c                ETH_WKUP_IRQHandler
                0x0800135c                SPI2_IRQHandler
                0x0800135c                OTG_HS_EP1_IN_IRQHandler
                0x0800135c                DMA1_Stream0_IRQHandler
                0x0800135c                CAN1_TX_IRQHandler
                0x0800135c                EXTI4_IRQHandler
                0x0800135c                FSMC_IRQHandler
                0x0800135c                ETH_IRQHandler
                0x0800135c                OTG_HS_EP1_OUT_IRQHandler
                0x0800135c                WWDG_IRQHandler
                0x0800135c                TIM2_IRQHandler
                0x0800135c                OTG_FS_WKUP_IRQHandler
                0x0800135c                TIM1_TRG_COM_TIM11_IRQHandler
                0x0800135c                OTG_HS_IRQHandler
                0x0800135c                EXTI1_IRQHandler
                0x0800135c                USART2_IRQHandler
                0x0800135c                I2C2_ER_IRQHandler
                0x0800135c                DMA2_Stream1_IRQHandler
                0x0800135c                CAN1_SCE_IRQHandler
                0x0800135c                FLASH_IRQHandler
                0x0800135c                DMA2_Stream4_IRQHandler
                0x0800135c                USART1_IRQHandler
                0x0800135c                OTG_FS_IRQHandler
                0x0800135c                SPI3_IRQHandler
                0x0800135c                DMA1_Stream4_IRQHandler
                0x0800135c                I2C1_ER_IRQHandler
                0x0800135c                DMA1_Stream3_IRQHandler
 *fill*         0x0800135e        0x2 
 .text.HAL_Init
                0x08001360       0x44 ./Drivers/STM32F4xx_HAL_Driver/Src/stm32f4xx_hal.o
                0x08001360                HAL_Init
 .text.HAL_InitTick
                0x080013a4       0x60 ./Drivers/STM32F4xx_HAL_Driver/Src/stm32f4xx_hal.o
                0x080013a4                HAL_InitTick
 .text.HAL_IncTick
                0x08001404       0x28 ./Drivers/STM32F4xx_HAL_Driver/Src/stm32f4xx_hal.o
                0x08001404                HAL_IncTick
 .text.HAL_GetTick
                0x0800142c       0x18 ./Drivers/STM32F4xx_HAL_Driver/Src/stm32f4xx_hal.o
                0x0800142c                HAL_GetTick
 .text.HAL_Delay
                0x08001444       0x48 ./Drivers/STM32F4xx_HAL_Driver/Src/stm32f4xx_hal.o
                0x08001444                HAL_Delay
 .text.__NVIC_SetPriorityGrouping
                0x0800148c       0x48 ./Drivers/STM32F4xx_HAL_Driver/Src/stm32f4xx_hal_cortex.o
 .text.__NVIC_GetPriorityGrouping
                0x080014d4       0x1c ./Drivers/STM32F4xx_HAL_Driver/Src/stm32f4xx_hal_cortex.o
 .text.__NVIC_EnableIRQ
                0x080014f0       0x3c ./Drivers/STM32F4xx_HAL_Driver/Src/stm32f4xx_hal_cortex.o
 .text.__NVIC_SetPriority
                0x0800152c       0x54 ./Drivers/STM32F4xx_HAL_Driver/Src/stm32f4xx_hal_cortex.o
 .text.NVIC_EncodePriority
                0x08001580       0x66 ./Drivers/STM32F4xx_HAL_Driver/Src/stm32f4xx_hal_cortex.o
 *fill*         0x080015e6        0x2 
 .text.SysTick_Config
                0x080015e8       0x44 ./Drivers/STM32F4xx_HAL_Driver/Src/stm32f4xx_hal_cortex.o
 .text.HAL_NVIC_SetPriorityGrouping
                0x0800162c       0x16 ./Drivers/STM32F4xx_HAL_Driver/Src/stm32f4xx_hal_cortex.o
                0x0800162c                HAL_NVIC_SetPriorityGrouping
 .text.HAL_NVIC_SetPriority
                0x08001642       0x38 ./Drivers/STM32F4xx_HAL_Driver/Src/stm32f4xx_hal_cortex.o
                0x08001642                HAL_NVIC_SetPriority
 .text.HAL_NVIC_EnableIRQ
                0x0800167a       0x1c ./Drivers/STM32F4xx_HAL_Driver/Src/stm32f4xx_hal_cortex.o
                0x0800167a                HAL_NVIC_EnableIRQ
 .text.HAL_SYSTICK_Config
                0x08001696       0x18 ./Drivers/STM32F4xx_HAL_Driver/Src/stm32f4xx_hal_cortex.o
                0x08001696                HAL_SYSTICK_Config
 *fill*         0x080016ae        0x2 
 .text.HAL_DMA_Init
                0x080016b0      0x15c ./Drivers/STM32F4xx_HAL_Driver/Src/stm32f4xx_hal_dma.o
                0x080016b0                HAL_DMA_Init
 .text.HAL_DMA_Start_IT
                0x0800180c       0xb0 ./Drivers/STM32F4xx_HAL_Driver/Src/stm32f4xx_hal_dma.o
                0x0800180c                HAL_DMA_Start_IT
 .text.HAL_DMA_Abort_IT
                0x080018bc       0x44 ./Drivers/STM32F4xx_HAL_Driver/Src/stm32f4xx_hal_dma.o
                0x080018bc                HAL_DMA_Abort_IT
 .text.HAL_DMA_IRQHandler
                0x08001900      0x314 ./Drivers/STM32F4xx_HAL_Driver/Src/stm32f4xx_hal_dma.o
                0x08001900                HAL_DMA_IRQHandler
 .text.HAL_DMA_GetError
                0x08001c14       0x18 ./Drivers/STM32F4xx_HAL_Driver/Src/stm32f4xx_hal_dma.o
                0x08001c14                HAL_DMA_GetError
 .text.DMA_SetConfig
                0x08001c2c       0x5c ./Drivers/STM32F4xx_HAL_Driver/Src/stm32f4xx_hal_dma.o
 .text.DMA_CalcBaseAndBitshift
                0x08001c88       0x6c ./Drivers/STM32F4xx_HAL_Driver/Src/stm32f4xx_hal_dma.o
 .text.DMA_CheckFifoParam
                0x08001cf4       0xf8 ./Drivers/STM32F4xx_HAL_Driver/Src/stm32f4xx_hal_dma.o
 .text.HAL_GPIO_Init
                0x08001dec      0x338 ./Drivers/STM32F4xx_HAL_Driver/Src/stm32f4xx_hal_gpio.o
                0x08001dec                HAL_GPIO_Init
 .text.HAL_GPIO_ReadPin
                0x08002124       0x30 ./Drivers/STM32F4xx_HAL_Driver/Src/stm32f4xx_hal_gpio.o
                0x08002124                HAL_GPIO_ReadPin
 .text.HAL_RCC_OscConfig
                0x08002154      0x4f0 ./Drivers/STM32F4xx_HAL_Driver/Src/stm32f4xx_hal_rcc.o
                0x08002154                HAL_RCC_OscConfig
 .text.HAL_RCC_ClockConfig
                0x08002644      0x1cc ./Drivers/STM32F4xx_HAL_Driver/Src/stm32f4xx_hal_rcc.o
                0x08002644                HAL_RCC_ClockConfig
 .text.HAL_RCC_GetSysClockFreq
                0x08002810      0x18c ./Drivers/STM32F4xx_HAL_Driver/Src/stm32f4xx_hal_rcc.o
                0x08002810                HAL_RCC_GetSysClockFreq
 .text.HAL_RCC_GetHCLKFreq
                0x0800299c       0x18 ./Drivers/STM32F4xx_HAL_Driver/Src/stm32f4xx_hal_rcc.o
                0x0800299c                HAL_RCC_GetHCLKFreq
 .text.HAL_RCC_GetPCLK1Freq
                0x080029b4       0x28 ./Drivers/STM32F4xx_HAL_Driver/Src/stm32f4xx_hal_rcc.o
                0x080029b4                HAL_RCC_GetPCLK1Freq
 .text.HAL_RCC_GetPCLK2Freq
                0x080029dc       0x28 ./Drivers/STM32F4xx_HAL_Driver/Src/stm32f4xx_hal_rcc.o
                0x080029dc                HAL_RCC_GetPCLK2Freq
 .text.HAL_RCCEx_PeriphCLKConfig
                0x08002a04      0x1c4 ./Drivers/STM32F4xx_HAL_Driver/Src/stm32f4xx_hal_rcc_ex.o
                0x08002a04                HAL_RCCEx_PeriphCLKConfig
 .text.HAL_RTC_Init
                0x08002bc8      0x102 ./Drivers/STM32F4xx_HAL_Driver/Src/stm32f4xx_hal_rtc.o
                0x08002bc8                HAL_RTC_Init
 .text.HAL_RTC_SetTime
                0x08002cca      0x134 ./Drivers/STM32F4xx_HAL_Driver/Src/stm32f4xx_hal_rtc.o
                0x08002cca                HAL_RTC_SetTime
 .text.HAL_RTC_GetTime
                0x08002dfe       0xbc ./Drivers/STM32F4xx_HAL_Driver/Src/stm32f4xx_hal_rtc.o
                0x08002dfe                HAL_RTC_GetTime
 .text.HAL_RTC_SetDate
                0x08002eba      0x108 ./Drivers/STM32F4xx_HAL_Driver/Src/stm32f4xx_hal_rtc.o
                0x08002eba                HAL_RTC_SetDate
 .text.HAL_RTC_GetDate
                0x08002fc2       0x9e ./Drivers/STM32F4xx_HAL_Driver/Src/stm32f4xx_hal_rtc.o
                0x08002fc2                HAL_RTC_GetDate
 .text.HAL_RTC_WaitForSynchro
                0x08003060       0x4c ./Drivers/STM32F4xx_HAL_Driver/Src/stm32f4xx_hal_rtc.o
                0x08003060                HAL_RTC_WaitForSynchro
 .text.RTC_EnterInitMode
                0x080030ac       0x6e ./Drivers/STM32F4xx_HAL_Driver/Src/stm32f4xx_hal_rtc.o
                0x080030ac                RTC_EnterInitMode
 .text.RTC_ExitInitMode
                0x0800311a       0x4a ./Drivers/STM32F4xx_HAL_Driver/Src/stm32f4xx_hal_rtc.o
                0x0800311a                RTC_ExitInitMode
 .text.RTC_ByteToBcd2
                0x08003164       0x3c ./Drivers/STM32F4xx_HAL_Driver/Src/stm32f4xx_hal_rtc.o
                0x08003164                RTC_ByteToBcd2
 .text.RTC_Bcd2ToByte
                0x080031a0       0x3c ./Drivers/STM32F4xx_HAL_Driver/Src/stm32f4xx_hal_rtc.o
                0x080031a0                RTC_Bcd2ToByte
 .text.HAL_SD_Init
                0x080031dc       0x60 ./Drivers/STM32F4xx_HAL_Driver/Src/stm32f4xx_hal_sd.o
                0x080031dc                HAL_SD_Init
 .text.HAL_SD_InitCard
                0x0800323c       0xf0 ./Drivers/STM32F4xx_HAL_Driver/Src/stm32f4xx_hal_sd.o
                0x0800323c                HAL_SD_InitCard
 .text.HAL_SD_ReadBlocks_DMA
                0x0800332c      0x1c4 ./Drivers/STM32F4xx_HAL_Driver/Src/stm32f4xx_hal_sd.o
                0x0800332c                HAL_SD_ReadBlocks_DMA
 .text.HAL_SD_WriteBlocks_DMA
                0x080034f0      0x1cc ./Drivers/STM32F4xx_HAL_Driver/Src/stm32f4xx_hal_sd.o
                0x080034f0                HAL_SD_WriteBlocks_DMA
 .text.HAL_SD_Erase
                0x080036bc      0x198 ./Drivers/STM32F4xx_HAL_Driver/Src/stm32f4xx_hal_sd.o
                0x080036bc                HAL_SD_Erase
 .text.HAL_SD_IRQHandler
                0x08003854      0x30c ./Drivers/STM32F4xx_HAL_Driver/Src/stm32f4xx_hal_sd.o
                0x08003854                HAL_SD_IRQHandler
 .text.HAL_SD_ErrorCallback
                0x08003b60       0x14 ./Drivers/STM32F4xx_HAL_Driver/Src/stm32f4xx_hal_sd.o
                0x08003b60                HAL_SD_ErrorCallback
 .text.HAL_SD_GetCardCSD
                0x08003b74      0x348 ./Drivers/STM32F4xx_HAL_Driver/Src/stm32f4xx_hal_sd.o
                0x08003b74                HAL_SD_GetCardCSD
 .text.HAL_SD_GetCardInfo
                0x08003ebc       0x58 ./Drivers/STM32F4xx_HAL_Driver/Src/stm32f4xx_hal_sd.o
                0x08003ebc                HAL_SD_GetCardInfo
 .text.HAL_SD_ConfigWideBusOperation
                0x08003f14      0x134 ./Drivers/STM32F4xx_HAL_Driver/Src/stm32f4xx_hal_sd.o
                0x08003f14                HAL_SD_ConfigWideBusOperation
 .text.HAL_SD_GetCardState
                0x08004048       0x40 ./Drivers/STM32F4xx_HAL_Driver/Src/stm32f4xx_hal_sd.o
                0x08004048                HAL_SD_GetCardState
 .text.SD_DMATransmitCplt
                0x08004088       0x2a ./Drivers/STM32F4xx_HAL_Driver/Src/stm32f4xx_hal_sd.o
 .text.SD_DMAReceiveCplt
                0x080040b2       0x70 ./Drivers/STM32F4xx_HAL_Driver/Src/stm32f4xx_hal_sd.o
 *fill*         0x08004122        0x2 
 .text.SD_DMAError
                0x08004124       0xa4 ./Drivers/STM32F4xx_HAL_Driver/Src/stm32f4xx_hal_sd.o
 .text.SD_DMATxAbort
                0x080041c8       0x6e ./Drivers/STM32F4xx_HAL_Driver/Src/stm32f4xx_hal_sd.o
 .text.SD_DMARxAbort
                0x08004236       0x6e ./Drivers/STM32F4xx_HAL_Driver/Src/stm32f4xx_hal_sd.o
 .text.SD_InitCard
                0x080042a4      0x19c ./Drivers/STM32F4xx_HAL_Driver/Src/stm32f4xx_hal_sd.o
 .text.SD_PowerON
                0x08004440      0x11c ./Drivers/STM32F4xx_HAL_Driver/Src/stm32f4xx_hal_sd.o
 .text.SD_SendStatus
                0x0800455c       0x50 ./Drivers/STM32F4xx_HAL_Driver/Src/stm32f4xx_hal_sd.o
 .text.SD_WideBus_Enable
                0x080045ac       0x96 ./Drivers/STM32F4xx_HAL_Driver/Src/stm32f4xx_hal_sd.o
 .text.SD_WideBus_Disable
                0x08004642       0x96 ./Drivers/STM32F4xx_HAL_Driver/Src/stm32f4xx_hal_sd.o
 .text.SD_FindSCR
                0x080046d8      0x1b4 ./Drivers/STM32F4xx_HAL_Driver/Src/stm32f4xx_hal_sd.o
 .text.SD_Read_IT
                0x0800488c       0xa2 ./Drivers/STM32F4xx_HAL_Driver/Src/stm32f4xx_hal_sd.o
 .text.SD_Write_IT
                0x0800492e       0xaa ./Drivers/STM32F4xx_HAL_Driver/Src/stm32f4xx_hal_sd.o
 .text.HAL_UART_Init
                0x080049d8       0xa0 ./Drivers/STM32F4xx_HAL_Driver/Src/stm32f4xx_hal_uart.o
                0x080049d8                HAL_UART_Init
 .text.HAL_UART_Transmit
                0x08004a78      0x116 ./Drivers/STM32F4xx_HAL_Driver/Src/stm32f4xx_hal_uart.o
                0x08004a78                HAL_UART_Transmit
 .text.UART_WaitOnFlagUntilTimeout
                0x08004b8e       0xb2 ./Drivers/STM32F4xx_HAL_Driver/Src/stm32f4xx_hal_uart.o
 .text.UART_EndRxTransfer
                0x08004c40       0xc6 ./Drivers/STM32F4xx_HAL_Driver/Src/stm32f4xx_hal_uart.o
 *fill*         0x08004d06        0x2 
 .text.UART_SetConfig
                0x08004d08      0x4e8 ./Drivers/STM32F4xx_HAL_Driver/Src/stm32f4xx_hal_uart.o
 .text.SDIO_Init
                0x080051f0       0x56 ./Drivers/STM32F4xx_HAL_Driver/Src/stm32f4xx_ll_sdmmc.o
                0x080051f0                SDIO_Init
 .text.SDIO_ReadFIFO
                0x08005246       0x1a ./Drivers/STM32F4xx_HAL_Driver/Src/stm32f4xx_ll_sdmmc.o
                0x08005246                SDIO_ReadFIFO
 .text.SDIO_WriteFIFO
                0x08005260       0x22 ./Drivers/STM32F4xx_HAL_Driver/Src/stm32f4xx_ll_sdmmc.o
                0x08005260                SDIO_WriteFIFO
 .text.SDIO_PowerState_ON
                0x08005282       0x1c ./Drivers/STM32F4xx_HAL_Driver/Src/stm32f4xx_ll_sdmmc.o
                0x08005282                SDIO_PowerState_ON
 .text.SDIO_GetPowerState
                0x0800529e       0x1c ./Drivers/STM32F4xx_HAL_Driver/Src/stm32f4xx_ll_sdmmc.o
                0x0800529e                SDIO_GetPowerState
 .text.SDIO_SendCommand
                0x080052ba       0x54 ./Drivers/STM32F4xx_HAL_Driver/Src/stm32f4xx_ll_sdmmc.o
                0x080052ba                SDIO_SendCommand
 .text.SDIO_GetCommandResponse
                0x0800530e       0x1a ./Drivers/STM32F4xx_HAL_Driver/Src/stm32f4xx_ll_sdmmc.o
                0x0800530e                SDIO_GetCommandResponse
 .text.SDIO_GetResponse
                0x08005328       0x26 ./Drivers/STM32F4xx_HAL_Driver/Src/stm32f4xx_ll_sdmmc.o
                0x08005328                SDIO_GetResponse
 .text.SDIO_ConfigData
                0x0800534e       0x58 ./Drivers/STM32F4xx_HAL_Driver/Src/stm32f4xx_ll_sdmmc.o
                0x0800534e                SDIO_ConfigData
 .text.SDMMC_CmdBlockLength
                0x080053a6       0x44 ./Drivers/STM32F4xx_HAL_Driver/Src/stm32f4xx_ll_sdmmc.o
                0x080053a6                SDMMC_CmdBlockLength
 .text.SDMMC_CmdReadSingleBlock
                0x080053ea       0x44 ./Drivers/STM32F4xx_HAL_Driver/Src/stm32f4xx_ll_sdmmc.o
                0x080053ea                SDMMC_CmdReadSingleBlock
 .text.SDMMC_CmdReadMultiBlock
                0x0800542e       0x44 ./Drivers/STM32F4xx_HAL_Driver/Src/stm32f4xx_ll_sdmmc.o
                0x0800542e                SDMMC_CmdReadMultiBlock
 .text.SDMMC_CmdWriteSingleBlock
                0x08005472       0x44 ./Drivers/STM32F4xx_HAL_Driver/Src/stm32f4xx_ll_sdmmc.o
                0x08005472                SDMMC_CmdWriteSingleBlock
 .text.SDMMC_CmdWriteMultiBlock
                0x080054b6       0x44 ./Drivers/STM32F4xx_HAL_Driver/Src/stm32f4xx_ll_sdmmc.o
                0x080054b6                SDMMC_CmdWriteMultiBlock
 .text.SDMMC_CmdSDEraseStartAdd
                0x080054fa       0x44 ./Drivers/STM32F4xx_HAL_Driver/Src/stm32f4xx_ll_sdmmc.o
                0x080054fa                SDMMC_CmdSDEraseStartAdd
 .text.SDMMC_CmdSDEraseEndAdd
                0x0800553e       0x44 ./Drivers/STM32F4xx_HAL_Driver/Src/stm32f4xx_ll_sdmmc.o
                0x0800553e                SDMMC_CmdSDEraseEndAdd
 .text.SDMMC_CmdErase
                0x08005582       0x42 ./Drivers/STM32F4xx_HAL_Driver/Src/stm32f4xx_ll_sdmmc.o
                0x08005582                SDMMC_CmdErase
 .text.SDMMC_CmdStopTransfer
                0x080055c4       0x44 ./Drivers/STM32F4xx_HAL_Driver/Src/stm32f4xx_ll_sdmmc.o
                0x080055c4                SDMMC_CmdStopTransfer
 .text.SDMMC_CmdSelDesel
                0x08005608       0x46 ./Drivers/STM32F4xx_HAL_Driver/Src/stm32f4xx_ll_sdmmc.o
                0x08005608                SDMMC_CmdSelDesel
 .text.SDMMC_CmdGoIdleState
                0x0800564e       0x3c ./Drivers/STM32F4xx_HAL_Driver/Src/stm32f4xx_ll_sdmmc.o
                0x0800564e                SDMMC_CmdGoIdleState
 .text.SDMMC_CmdOperCond
                0x0800568a       0x3e ./Drivers/STM32F4xx_HAL_Driver/Src/stm32f4xx_ll_sdmmc.o
                0x0800568a                SDMMC_CmdOperCond
 .text.SDMMC_CmdAppCommand
                0x080056c8       0x44 ./Drivers/STM32F4xx_HAL_Driver/Src/stm32f4xx_ll_sdmmc.o
                0x080056c8                SDMMC_CmdAppCommand
 .text.SDMMC_CmdAppOperCommand
                0x0800570c       0x46 ./Drivers/STM32F4xx_HAL_Driver/Src/stm32f4xx_ll_sdmmc.o
                0x0800570c                SDMMC_CmdAppOperCommand
 .text.SDMMC_CmdBusWidth
                0x08005752       0x44 ./Drivers/STM32F4xx_HAL_Driver/Src/stm32f4xx_ll_sdmmc.o
                0x08005752                SDMMC_CmdBusWidth
 .text.SDMMC_CmdSendSCR
                0x08005796       0x42 ./Drivers/STM32F4xx_HAL_Driver/Src/stm32f4xx_ll_sdmmc.o
                0x08005796                SDMMC_CmdSendSCR
 .text.SDMMC_CmdSendCID
                0x080057d8       0x3c ./Drivers/STM32F4xx_HAL_Driver/Src/stm32f4xx_ll_sdmmc.o
                0x080057d8                SDMMC_CmdSendCID
 .text.SDMMC_CmdSendCSD
                0x08005814       0x3e ./Drivers/STM32F4xx_HAL_Driver/Src/stm32f4xx_ll_sdmmc.o
                0x08005814                SDMMC_CmdSendCSD
 .text.SDMMC_CmdSetRelAdd
                0x08005852       0x42 ./Drivers/STM32F4xx_HAL_Driver/Src/stm32f4xx_ll_sdmmc.o
                0x08005852                SDMMC_CmdSetRelAdd
 .text.SDMMC_CmdSendStatus
                0x08005894       0x44 ./Drivers/STM32F4xx_HAL_Driver/Src/stm32f4xx_ll_sdmmc.o
                0x08005894                SDMMC_CmdSendStatus
 .text.SDMMC_GetCmdResp1
                0x080058d8      0x1dc ./Drivers/STM32F4xx_HAL_Driver/Src/stm32f4xx_ll_sdmmc.o
                0x080058d8                SDMMC_GetCmdResp1
 .text.SDMMC_GetCmdResp2
                0x08005ab4       0x90 ./Drivers/STM32F4xx_HAL_Driver/Src/stm32f4xx_ll_sdmmc.o
                0x08005ab4                SDMMC_GetCmdResp2
 .text.SDMMC_GetCmdResp3
                0x08005b44       0x7c ./Drivers/STM32F4xx_HAL_Driver/Src/stm32f4xx_ll_sdmmc.o
                0x08005b44                SDMMC_GetCmdResp3
 .text.SDMMC_GetCmdResp6
                0x08005bc0       0xec ./Drivers/STM32F4xx_HAL_Driver/Src/stm32f4xx_ll_sdmmc.o
                0x08005bc0                SDMMC_GetCmdResp6
 .text.SDMMC_GetCmdResp7
                0x08005cac       0x9c ./Drivers/STM32F4xx_HAL_Driver/Src/stm32f4xx_ll_sdmmc.o
                0x08005cac                SDMMC_GetCmdResp7
 .text.SDMMC_GetCmdError
                0x08005d48       0x58 ./Drivers/STM32F4xx_HAL_Driver/Src/stm32f4xx_ll_sdmmc.o
 .text.MX_FATFS_Init
                0x08005da0       0x24 ./FATFS/App/fatfs.o
                0x08005da0                MX_FATFS_Init
 .text.get_fattime
                0x08005dc4       0x10 ./FATFS/App/fatfs.o
                0x08005dc4                get_fattime
 .text.BSP_SD_Init
                0x08005dd4       0x4c ./FATFS/Target/bsp_driver_sd.o
                0x08005dd4                BSP_SD_Init
 .text.BSP_SD_ReadBlocks_DMA
                0x08005e20       0x34 ./FATFS/Target/bsp_driver_sd.o
                0x08005e20                BSP_SD_ReadBlocks_DMA
 .text.BSP_SD_WriteBlocks_DMA
                0x08005e54       0x34 ./FATFS/Target/bsp_driver_sd.o
                0x08005e54                BSP_SD_WriteBlocks_DMA
 .text.BSP_SD_Erase
                0x08005e88       0x30 ./FATFS/Target/bsp_driver_sd.o
                0x08005e88                BSP_SD_Erase
 .text.BSP_SD_GetCardState
                0x08005eb8       0x20 ./FATFS/Target/bsp_driver_sd.o
                0x08005eb8                BSP_SD_GetCardState
 .text.BSP_SD_GetCardInfo
                0x08005ed8       0x1c ./FATFS/Target/bsp_driver_sd.o
                0x08005ed8                BSP_SD_GetCardInfo
 .text.HAL_SD_AbortCallback
                0x08005ef4       0x14 ./FATFS/Target/bsp_driver_sd.o
                0x08005ef4                HAL_SD_AbortCallback
 .text.HAL_SD_TxCpltCallback
                0x08005f08       0x14 ./FATFS/Target/bsp_driver_sd.o
                0x08005f08                HAL_SD_TxCpltCallback
 .text.HAL_SD_RxCpltCallback
                0x08005f1c       0x14 ./FATFS/Target/bsp_driver_sd.o
                0x08005f1c                HAL_SD_RxCpltCallback
 .text.BSP_SD_AbortCallback
                0x08005f30        0xe ./FATFS/Target/bsp_driver_sd.o
                0x08005f30                BSP_SD_AbortCallback
 .text.SD_CheckStatusWithTimeout
                0x08005f3e       0x3a ./FATFS/Target/sd_diskio.o
 .text.SD_CheckStatus
                0x08005f78       0x3c ./FATFS/Target/sd_diskio.o
 .text.SD_initialize
                0x08005fb4       0x38 ./FATFS/Target/sd_diskio.o
                0x08005fb4                SD_initialize
 .text.SD_status
                0x08005fec       0x1c ./FATFS/Target/sd_diskio.o
                0x08005fec                SD_status
 .text.SD_read  0x08006008       0xac ./FATFS/Target/sd_diskio.o
                0x08006008                SD_read
 .text.SD_write
                0x080060b4       0xac ./FATFS/Target/sd_diskio.o
                0x080060b4                SD_write
 .text.SD_ioctl
                0x08006160       0xb0 ./FATFS/Target/sd_diskio.o
                0x08006160                SD_ioctl
 .text.BSP_SD_WriteCpltCallback
                0x08006210       0x18 ./FATFS/Target/sd_diskio.o
                0x08006210                BSP_SD_WriteCpltCallback
 .text.BSP_SD_ReadCpltCallback
                0x08006228       0x18 ./FATFS/Target/sd_diskio.o
                0x08006228                BSP_SD_ReadCpltCallback
 .text.SDCard_EraseBlocks
                0x08006240       0x78 ./FATFS/Target/sd_diskio.o
                0x08006240                SDCard_EraseBlocks
 .text.SDCard_TestWrite_DMA
                0x080062b8       0xb4 ./FATFS/Target/sd_diskio.o
                0x080062b8                SDCard_TestWrite_DMA
 .text.SDCard_TestRead_DMA
                0x0800636c       0x98 ./FATFS/Target/sd_diskio.o
                0x0800636c                SDCard_TestRead_DMA
 .text.fatTest_WriteBinFile
                0x08006404      0x11c ./FILE_TEST/file_opera.o
                0x08006404                fatTest_WriteBinFile
 .text.fatTest_ReadBinFile
                0x08006520      0x11c ./FILE_TEST/file_opera.o
                0x08006520                fatTest_ReadBinFile
 .text.fatTest_WriteTXTFile
                0x0800663c      0x120 ./FILE_TEST/file_opera.o
                0x0800663c                fatTest_WriteTXTFile
 .text.fatTest_ReadTXTFile
                0x0800675c       0xa4 ./FILE_TEST/file_opera.o
                0x0800675c                fatTest_ReadTXTFile
 .text.fatTest_GetDiskInfo
                0x08006800       0xfc ./FILE_TEST/file_opera.o
                0x08006800                fatTest_GetDiskInfo
 .text.fatTest_GetFileInfo
                0x080068fc      0x248 ./FILE_TEST/file_opera.o
                0x080068fc                fatTest_GetFileInfo
 .text.fat_GetTimeStamp
                0x08006b44       0x8a ./FILE_TEST/file_opera.o
                0x08006b44                fat_GetTimeStamp
 *fill*         0x08006bce        0x2 
 .text.fat_GetFatTimeFromRTC
                0x08006bd0       0x9c ./FILE_TEST/file_opera.o
                0x08006bd0                fat_GetFatTimeFromRTC
 .text.ScanPressedKey
                0x08006c6c      0x104 ./KEY_LED/keyled.o
                0x08006c6c                ScanPressedKey
 .text.disk_status
                0x08006d70       0x34 ./Middlewares/Third_Party/FatFs/src/diskio.o
                0x08006d70                disk_status
 .text.disk_initialize
                0x08006da4       0x50 ./Middlewares/Third_Party/FatFs/src/diskio.o
                0x08006da4                disk_initialize
 .text.disk_read
                0x08006df4       0x40 ./Middlewares/Third_Party/FatFs/src/diskio.o
                0x08006df4                disk_read
 .text.disk_write
                0x08006e34       0x40 ./Middlewares/Third_Party/FatFs/src/diskio.o
                0x08006e34                disk_write
 .text.disk_ioctl
                0x08006e74       0x3c ./Middlewares/Third_Party/FatFs/src/diskio.o
                0x08006e74                disk_ioctl
 .text.ld_word  0x08006eb0       0x32 ./Middlewares/Third_Party/FatFs/src/ff.o
 .text.ld_dword
                0x08006ee2       0x46 ./Middlewares/Third_Party/FatFs/src/ff.o
 .text.st_word  0x08006f28       0x36 ./Middlewares/Third_Party/FatFs/src/ff.o
 .text.st_dword
                0x08006f5e       0x58 ./Middlewares/Third_Party/FatFs/src/ff.o
 .text.mem_cpy  0x08006fb6       0x42 ./Middlewares/Third_Party/FatFs/src/ff.o
 .text.mem_set  0x08006ff8       0x36 ./Middlewares/Third_Party/FatFs/src/ff.o
 .text.mem_cmp  0x0800702e       0x4e ./Middlewares/Third_Party/FatFs/src/ff.o
 .text.chk_chr  0x0800707c       0x36 ./Middlewares/Third_Party/FatFs/src/ff.o
 *fill*         0x080070b2        0x2 
 .text.chk_lock
                0x080070b4       0xb8 ./Middlewares/Third_Party/FatFs/src/ff.o
 .text.enq_lock
                0x0800716c       0x44 ./Middlewares/Third_Party/FatFs/src/ff.o
 .text.inc_lock
                0x080071b0      0x11c ./Middlewares/Third_Party/FatFs/src/ff.o
 .text.dec_lock
                0x080072cc       0x78 ./Middlewares/Third_Party/FatFs/src/ff.o
 .text.clear_lock
                0x08007344       0x48 ./Middlewares/Third_Party/FatFs/src/ff.o
 .text.sync_window
                0x0800738c       0x88 ./Middlewares/Third_Party/FatFs/src/ff.o
 .text.move_window
                0x08007414       0x5a ./Middlewares/Third_Party/FatFs/src/ff.o
 *fill*         0x0800746e        0x2 
 .text.sync_fs  0x08007470       0xdc ./Middlewares/Third_Party/FatFs/src/ff.o
 .text.clust2sect
                0x0800754c       0x3e ./Middlewares/Third_Party/FatFs/src/ff.o
 .text.get_fat  0x0800758a      0x14e ./Middlewares/Third_Party/FatFs/src/ff.o
 .text.put_fat  0x080076d8      0x1d4 ./Middlewares/Third_Party/FatFs/src/ff.o
 .text.remove_chain
                0x080078ac       0xca ./Middlewares/Third_Party/FatFs/src/ff.o
 .text.create_chain
                0x08007976      0x130 ./Middlewares/Third_Party/FatFs/src/ff.o
 .text.clmt_clust
                0x08007aa6       0x68 ./Middlewares/Third_Party/FatFs/src/ff.o
 .text.dir_sdi  0x08007b0e       0xf6 ./Middlewares/Third_Party/FatFs/src/ff.o
 .text.dir_next
                0x08007c04      0x18a ./Middlewares/Third_Party/FatFs/src/ff.o
 .text.dir_alloc
                0x08007d8e       0x8e ./Middlewares/Third_Party/FatFs/src/ff.o
 .text.ld_clust
                0x08007e1c       0x3e ./Middlewares/Third_Party/FatFs/src/ff.o
 .text.st_clust
                0x08007e5a       0x40 ./Middlewares/Third_Party/FatFs/src/ff.o
 *fill*         0x08007e9a        0x2 
 .text.cmp_lfn  0x08007e9c       0xe0 ./Middlewares/Third_Party/FatFs/src/ff.o
 .text.put_lfn  0x08007f7c       0xd0 ./Middlewares/Third_Party/FatFs/src/ff.o
 .text.gen_numname
                0x0800804c      0x148 ./Middlewares/Third_Party/FatFs/src/ff.o
 .text.sum_sfn  0x08008194       0x42 ./Middlewares/Third_Party/FatFs/src/ff.o
 .text.dir_find
                0x080081d6      0x180 ./Middlewares/Third_Party/FatFs/src/ff.o
 *fill*         0x08008356        0x2 
 .text.dir_register
                0x08008358      0x1f0 ./Middlewares/Third_Party/FatFs/src/ff.o
 .text.get_fileinfo
                0x08008548      0x1d8 ./Middlewares/Third_Party/FatFs/src/ff.o
 .text.create_name
                0x08008720      0x3f4 ./Middlewares/Third_Party/FatFs/src/ff.o
 .text.follow_path
                0x08008b14       0xe2 ./Middlewares/Third_Party/FatFs/src/ff.o
 .text.get_ldnumber
                0x08008bf6       0x88 ./Middlewares/Third_Party/FatFs/src/ff.o
 *fill*         0x08008c7e        0x2 
 .text.check_fs
                0x08008c80       0xac ./Middlewares/Third_Party/FatFs/src/ff.o
 .text.find_volume
                0x08008d2c      0x498 ./Middlewares/Third_Party/FatFs/src/ff.o
 .text.validate
                0x080091c4       0x6a ./Middlewares/Third_Party/FatFs/src/ff.o
 *fill*         0x0800922e        0x2 
 .text.f_mount  0x08009230       0x8c ./Middlewares/Third_Party/FatFs/src/ff.o
                0x08009230                f_mount
 .text.f_open   0x080092bc      0x394 ./Middlewares/Third_Party/FatFs/src/ff.o
                0x080092bc                f_open
 .text.f_read   0x08009650      0x27e ./Middlewares/Third_Party/FatFs/src/ff.o
                0x08009650                f_read
 .text.f_write  0x080098ce      0x2ea ./Middlewares/Third_Party/FatFs/src/ff.o
                0x080098ce                f_write
 .text.f_sync   0x08009bb8       0xfc ./Middlewares/Third_Party/FatFs/src/ff.o
                0x08009bb8                f_sync
 .text.f_close  0x08009cb4       0x54 ./Middlewares/Third_Party/FatFs/src/ff.o
                0x08009cb4                f_close
 .text.f_stat   0x08009d08       0x92 ./Middlewares/Third_Party/FatFs/src/ff.o
                0x08009d08                f_stat
 .text.f_getfree
                0x08009d9a      0x16a ./Middlewares/Third_Party/FatFs/src/ff.o
                0x08009d9a                f_getfree
 .text.f_mkdir  0x08009f04      0x22e ./Middlewares/Third_Party/FatFs/src/ff.o
                0x08009f04                f_mkdir
 *fill*         0x0800a132        0x2 
 .text.f_mkfs   0x0800a134      0x858 ./Middlewares/Third_Party/FatFs/src/ff.o
                0x0800a134                f_mkfs
 .text.f_gets   0x0800a98c       0x7c ./Middlewares/Third_Party/FatFs/src/ff.o
                0x0800a98c                f_gets
 .text.putc_bfd
                0x0800aa08       0x7a ./Middlewares/Third_Party/FatFs/src/ff.o
 .text.putc_flush
                0x0800aa82       0x4a ./Middlewares/Third_Party/FatFs/src/ff.o
 .text.putc_init
                0x0800aacc       0x2a ./Middlewares/Third_Party/FatFs/src/ff.o
 .text.f_puts   0x0800aaf6       0x48 ./Middlewares/Third_Party/FatFs/src/ff.o
                0x0800aaf6                f_puts
 *fill*         0x0800ab3e        0x2 
 .text.f_printf
                0x0800ab40      0x43c ./Middlewares/Third_Party/FatFs/src/ff.o
                0x0800ab40                f_printf
 .text.FATFS_LinkDriverEx
                0x0800af7c       0x98 ./Middlewares/Third_Party/FatFs/src/ff_gen_drv.o
                0x0800af7c                FATFS_LinkDriverEx
 .text.FATFS_LinkDriver
                0x0800b014       0x1e ./Middlewares/Third_Party/FatFs/src/ff_gen_drv.o
                0x0800b014                FATFS_LinkDriver
 *fill*         0x0800b032        0x2 
 .text.ff_convert
                0x0800b034       0xbc ./Middlewares/Third_Party/FatFs/src/option/cc936.o
                0x0800b034                ff_convert
 .text.ff_wtoupper
                0x0800b0f0      0x114 ./Middlewares/Third_Party/FatFs/src/option/cc936.o
                0x0800b0f0                ff_wtoupper
 .text.ff_memalloc
                0x0800b204       0x18 ./Middlewares/Third_Party/FatFs/src/option/syscall.o
                0x0800b204                ff_memalloc
 .text.ff_memfree
                0x0800b21c       0x16 ./Middlewares/Third_Party/FatFs/src/option/syscall.o
                0x0800b21c                ff_memfree
 *fill*         0x0800b232        0x2 
 .text.malloc   0x0800b234       0x10 C:/ST/STM32CubeIDE_1.19.0/STM32CubeIDE/plugins/com.st.stm32cube.ide.mcu.externaltools.gnu-tools-for-stm32.13.3.rel1.win32_1.0.0.202411081344/tools/bin/../lib/gcc/arm-none-eabi/13.3.1/../../../../arm-none-eabi/lib/thumb/v7e-m+fp/hard\libc_nano.a(libc_a-malloc.o)
                0x0800b234                malloc
 .text.free     0x0800b244       0x10 C:/ST/STM32CubeIDE_1.19.0/STM32CubeIDE/plugins/com.st.stm32cube.ide.mcu.externaltools.gnu-tools-for-stm32.13.3.rel1.win32_1.0.0.202411081344/tools/bin/../lib/gcc/arm-none-eabi/13.3.1/../../../../arm-none-eabi/lib/thumb/v7e-m+fp/hard\libc_nano.a(libc_a-malloc.o)
                0x0800b244                free
 .text.sbrk_aligned
                0x0800b254       0x44 C:/ST/STM32CubeIDE_1.19.0/STM32CubeIDE/plugins/com.st.stm32cube.ide.mcu.externaltools.gnu-tools-for-stm32.13.3.rel1.win32_1.0.0.202411081344/tools/bin/../lib/gcc/arm-none-eabi/13.3.1/../../../../arm-none-eabi/lib/thumb/v7e-m+fp/hard\libc_nano.a(libc_a-mallocr.o)
 .text._malloc_r
                0x0800b298      0x100 C:/ST/STM32CubeIDE_1.19.0/STM32CubeIDE/plugins/com.st.stm32cube.ide.mcu.externaltools.gnu-tools-for-stm32.13.3.rel1.win32_1.0.0.202411081344/tools/bin/../lib/gcc/arm-none-eabi/13.3.1/../../../../arm-none-eabi/lib/thumb/v7e-m+fp/hard\libc_nano.a(libc_a-mallocr.o)
                0x0800b298                _malloc_r
 .text.__malloc_lock
                0x0800b398        0xc C:/ST/STM32CubeIDE_1.19.0/STM32CubeIDE/plugins/com.st.stm32cube.ide.mcu.externaltools.gnu-tools-for-stm32.13.3.rel1.win32_1.0.0.202411081344/tools/bin/../lib/gcc/arm-none-eabi/13.3.1/../../../../arm-none-eabi/lib/thumb/v7e-m+fp/hard\libc_nano.a(libc_a-mlock.o)
                0x0800b398                __malloc_lock
 .text.__malloc_unlock
                0x0800b3a4        0xc C:/ST/STM32CubeIDE_1.19.0/STM32CubeIDE/plugins/com.st.stm32cube.ide.mcu.externaltools.gnu-tools-for-stm32.13.3.rel1.win32_1.0.0.202411081344/tools/bin/../lib/gcc/arm-none-eabi/13.3.1/../../../../arm-none-eabi/lib/thumb/v7e-m+fp/hard\libc_nano.a(libc_a-mlock.o)
                0x0800b3a4                __malloc_unlock
 .text.std      0x0800b3b0       0x6c C:/ST/STM32CubeIDE_1.19.0/STM32CubeIDE/plugins/com.st.stm32cube.ide.mcu.externaltools.gnu-tools-for-stm32.13.3.rel1.win32_1.0.0.202411081344/tools/bin/../lib/gcc/arm-none-eabi/13.3.1/../../../../arm-none-eabi/lib/thumb/v7e-m+fp/hard\libc_nano.a(libc_a-findfp.o)
 .text.stdio_exit_handler
                0x0800b41c       0x18 C:/ST/STM32CubeIDE_1.19.0/STM32CubeIDE/plugins/com.st.stm32cube.ide.mcu.externaltools.gnu-tools-for-stm32.13.3.rel1.win32_1.0.0.202411081344/tools/bin/../lib/gcc/arm-none-eabi/13.3.1/../../../../arm-none-eabi/lib/thumb/v7e-m+fp/hard\libc_nano.a(libc_a-findfp.o)
 .text.cleanup_stdio
                0x0800b434       0x40 C:/ST/STM32CubeIDE_1.19.0/STM32CubeIDE/plugins/com.st.stm32cube.ide.mcu.externaltools.gnu-tools-for-stm32.13.3.rel1.win32_1.0.0.202411081344/tools/bin/../lib/gcc/arm-none-eabi/13.3.1/../../../../arm-none-eabi/lib/thumb/v7e-m+fp/hard\libc_nano.a(libc_a-findfp.o)
 .text.global_stdio_init.part.0
                0x0800b474       0x3c C:/ST/STM32CubeIDE_1.19.0/STM32CubeIDE/plugins/com.st.stm32cube.ide.mcu.externaltools.gnu-tools-for-stm32.13.3.rel1.win32_1.0.0.202411081344/tools/bin/../lib/gcc/arm-none-eabi/13.3.1/../../../../arm-none-eabi/lib/thumb/v7e-m+fp/hard\libc_nano.a(libc_a-findfp.o)
 .text.__sfp_lock_acquire
                0x0800b4b0        0xc C:/ST/STM32CubeIDE_1.19.0/STM32CubeIDE/plugins/com.st.stm32cube.ide.mcu.externaltools.gnu-tools-for-stm32.13.3.rel1.win32_1.0.0.202411081344/tools/bin/../lib/gcc/arm-none-eabi/13.3.1/../../../../arm-none-eabi/lib/thumb/v7e-m+fp/hard\libc_nano.a(libc_a-findfp.o)
                0x0800b4b0                __sfp_lock_acquire
 .text.__sfp_lock_release
                0x0800b4bc        0xc C:/ST/STM32CubeIDE_1.19.0/STM32CubeIDE/plugins/com.st.stm32cube.ide.mcu.externaltools.gnu-tools-for-stm32.13.3.rel1.win32_1.0.0.202411081344/tools/bin/../lib/gcc/arm-none-eabi/13.3.1/../../../../arm-none-eabi/lib/thumb/v7e-m+fp/hard\libc_nano.a(libc_a-findfp.o)
                0x0800b4bc                __sfp_lock_release
 .text.__sinit  0x0800b4c8       0x30 C:/ST/STM32CubeIDE_1.19.0/STM32CubeIDE/plugins/com.st.stm32cube.ide.mcu.externaltools.gnu-tools-for-stm32.13.3.rel1.win32_1.0.0.202411081344/tools/bin/../lib/gcc/arm-none-eabi/13.3.1/../../../../arm-none-eabi/lib/thumb/v7e-m+fp/hard\libc_nano.a(libc_a-findfp.o)
                0x0800b4c8                __sinit
 .text._fwalk_sglue
                0x0800b4f8       0x3c C:/ST/STM32CubeIDE_1.19.0/STM32CubeIDE/plugins/com.st.stm32cube.ide.mcu.externaltools.gnu-tools-for-stm32.13.3.rel1.win32_1.0.0.202411081344/tools/bin/../lib/gcc/arm-none-eabi/13.3.1/../../../../arm-none-eabi/lib/thumb/v7e-m+fp/hard\libc_nano.a(libc_a-fwalk.o)
                0x0800b4f8                _fwalk_sglue
 .text.printf   0x0800b534       0x24 C:/ST/STM32CubeIDE_1.19.0/STM32CubeIDE/plugins/com.st.stm32cube.ide.mcu.externaltools.gnu-tools-for-stm32.13.3.rel1.win32_1.0.0.202411081344/tools/bin/../lib/gcc/arm-none-eabi/13.3.1/../../../../arm-none-eabi/lib/thumb/v7e-m+fp/hard\libc_nano.a(libc_a-printf.o)
                0x0800b534                iprintf
                0x0800b534                printf
 .text._puts_r  0x0800b558       0xaa C:/ST/STM32CubeIDE_1.19.0/STM32CubeIDE/plugins/com.st.stm32cube.ide.mcu.externaltools.gnu-tools-for-stm32.13.3.rel1.win32_1.0.0.202411081344/tools/bin/../lib/gcc/arm-none-eabi/13.3.1/../../../../arm-none-eabi/lib/thumb/v7e-m+fp/hard\libc_nano.a(libc_a-puts.o)
                0x0800b558                _puts_r
 *fill*         0x0800b602        0x2 
 .text.puts     0x0800b604       0x10 C:/ST/STM32CubeIDE_1.19.0/STM32CubeIDE/plugins/com.st.stm32cube.ide.mcu.externaltools.gnu-tools-for-stm32.13.3.rel1.win32_1.0.0.202411081344/tools/bin/../lib/gcc/arm-none-eabi/13.3.1/../../../../arm-none-eabi/lib/thumb/v7e-m+fp/hard\libc_nano.a(libc_a-puts.o)
                0x0800b604                puts
 .text.sprintf  0x0800b614       0x44 C:/ST/STM32CubeIDE_1.19.0/STM32CubeIDE/plugins/com.st.stm32cube.ide.mcu.externaltools.gnu-tools-for-stm32.13.3.rel1.win32_1.0.0.202411081344/tools/bin/../lib/gcc/arm-none-eabi/13.3.1/../../../../arm-none-eabi/lib/thumb/v7e-m+fp/hard\libc_nano.a(libc_a-sprintf.o)
                0x0800b614                siprintf
                0x0800b614                sprintf
 .text.__sread  0x0800b658       0x22 C:/ST/STM32CubeIDE_1.19.0/STM32CubeIDE/plugins/com.st.stm32cube.ide.mcu.externaltools.gnu-tools-for-stm32.13.3.rel1.win32_1.0.0.202411081344/tools/bin/../lib/gcc/arm-none-eabi/13.3.1/../../../../arm-none-eabi/lib/thumb/v7e-m+fp/hard\libc_nano.a(libc_a-stdio.o)
                0x0800b658                __sread
 .text.__swrite
                0x0800b67a       0x38 C:/ST/STM32CubeIDE_1.19.0/STM32CubeIDE/plugins/com.st.stm32cube.ide.mcu.externaltools.gnu-tools-for-stm32.13.3.rel1.win32_1.0.0.202411081344/tools/bin/../lib/gcc/arm-none-eabi/13.3.1/../../../../arm-none-eabi/lib/thumb/v7e-m+fp/hard\libc_nano.a(libc_a-stdio.o)
                0x0800b67a                __swrite
 .text.__sseek  0x0800b6b2       0x24 C:/ST/STM32CubeIDE_1.19.0/STM32CubeIDE/plugins/com.st.stm32cube.ide.mcu.externaltools.gnu-tools-for-stm32.13.3.rel1.win32_1.0.0.202411081344/tools/bin/../lib/gcc/arm-none-eabi/13.3.1/../../../../arm-none-eabi/lib/thumb/v7e-m+fp/hard\libc_nano.a(libc_a-stdio.o)
                0x0800b6b2                __sseek
 .text.__sclose
                0x0800b6d6        0x8 C:/ST/STM32CubeIDE_1.19.0/STM32CubeIDE/plugins/com.st.stm32cube.ide.mcu.externaltools.gnu-tools-for-stm32.13.3.rel1.win32_1.0.0.202411081344/tools/bin/../lib/gcc/arm-none-eabi/13.3.1/../../../../arm-none-eabi/lib/thumb/v7e-m+fp/hard\libc_nano.a(libc_a-stdio.o)
                0x0800b6d6                __sclose
 .text.__swbuf_r
                0x0800b6de       0x7c C:/ST/STM32CubeIDE_1.19.0/STM32CubeIDE/plugins/com.st.stm32cube.ide.mcu.externaltools.gnu-tools-for-stm32.13.3.rel1.win32_1.0.0.202411081344/tools/bin/../lib/gcc/arm-none-eabi/13.3.1/../../../../arm-none-eabi/lib/thumb/v7e-m+fp/hard\libc_nano.a(libc_a-wbuf.o)
                0x0800b6de                __swbuf_r
 *fill*         0x0800b75a        0x2 
 .text.__swsetup_r
                0x0800b75c       0xac C:/ST/STM32CubeIDE_1.19.0/STM32CubeIDE/plugins/com.st.stm32cube.ide.mcu.externaltools.gnu-tools-for-stm32.13.3.rel1.win32_1.0.0.202411081344/tools/bin/../lib/gcc/arm-none-eabi/13.3.1/../../../../arm-none-eabi/lib/thumb/v7e-m+fp/hard\libc_nano.a(libc_a-wsetup.o)
                0x0800b75c                __swsetup_r
 .text.memset   0x0800b808       0x10 C:/ST/STM32CubeIDE_1.19.0/STM32CubeIDE/plugins/com.st.stm32cube.ide.mcu.externaltools.gnu-tools-for-stm32.13.3.rel1.win32_1.0.0.202411081344/tools/bin/../lib/gcc/arm-none-eabi/13.3.1/../../../../arm-none-eabi/lib/thumb/v7e-m+fp/hard\libc_nano.a(libc_a-memset.o)
                0x0800b808                memset
 .text._close_r
                0x0800b818       0x20 C:/ST/STM32CubeIDE_1.19.0/STM32CubeIDE/plugins/com.st.stm32cube.ide.mcu.externaltools.gnu-tools-for-stm32.13.3.rel1.win32_1.0.0.202411081344/tools/bin/../lib/gcc/arm-none-eabi/13.3.1/../../../../arm-none-eabi/lib/thumb/v7e-m+fp/hard\libc_nano.a(libc_a-closer.o)
                0x0800b818                _close_r
 .text._lseek_r
                0x0800b838       0x24 C:/ST/STM32CubeIDE_1.19.0/STM32CubeIDE/plugins/com.st.stm32cube.ide.mcu.externaltools.gnu-tools-for-stm32.13.3.rel1.win32_1.0.0.202411081344/tools/bin/../lib/gcc/arm-none-eabi/13.3.1/../../../../arm-none-eabi/lib/thumb/v7e-m+fp/hard\libc_nano.a(libc_a-lseekr.o)
                0x0800b838                _lseek_r
 .text._read_r  0x0800b85c       0x24 C:/ST/STM32CubeIDE_1.19.0/STM32CubeIDE/plugins/com.st.stm32cube.ide.mcu.externaltools.gnu-tools-for-stm32.13.3.rel1.win32_1.0.0.202411081344/tools/bin/../lib/gcc/arm-none-eabi/13.3.1/../../../../arm-none-eabi/lib/thumb/v7e-m+fp/hard\libc_nano.a(libc_a-readr.o)
                0x0800b85c                _read_r
 .text._sbrk_r  0x0800b880       0x20 C:/ST/STM32CubeIDE_1.19.0/STM32CubeIDE/plugins/com.st.stm32cube.ide.mcu.externaltools.gnu-tools-for-stm32.13.3.rel1.win32_1.0.0.202411081344/tools/bin/../lib/gcc/arm-none-eabi/13.3.1/../../../../arm-none-eabi/lib/thumb/v7e-m+fp/hard\libc_nano.a(libc_a-sbrkr.o)
                0x0800b880                _sbrk_r
 .text._write_r
                0x0800b8a0       0x24 C:/ST/STM32CubeIDE_1.19.0/STM32CubeIDE/plugins/com.st.stm32cube.ide.mcu.externaltools.gnu-tools-for-stm32.13.3.rel1.win32_1.0.0.202411081344/tools/bin/../lib/gcc/arm-none-eabi/13.3.1/../../../../arm-none-eabi/lib/thumb/v7e-m+fp/hard\libc_nano.a(libc_a-writer.o)
                0x0800b8a0                _write_r
 .text.__errno  0x0800b8c4        0xc C:/ST/STM32CubeIDE_1.19.0/STM32CubeIDE/plugins/com.st.stm32cube.ide.mcu.externaltools.gnu-tools-for-stm32.13.3.rel1.win32_1.0.0.202411081344/tools/bin/../lib/gcc/arm-none-eabi/13.3.1/../../../../arm-none-eabi/lib/thumb/v7e-m+fp/hard\libc_nano.a(libc_a-errno.o)
                0x0800b8c4                __errno
 .text.__libc_init_array
                0x0800b8d0       0x48 C:/ST/STM32CubeIDE_1.19.0/STM32CubeIDE/plugins/com.st.stm32cube.ide.mcu.externaltools.gnu-tools-for-stm32.13.3.rel1.win32_1.0.0.202411081344/tools/bin/../lib/gcc/arm-none-eabi/13.3.1/../../../../arm-none-eabi/lib/thumb/v7e-m+fp/hard\libc_nano.a(libc_a-init.o)
                0x0800b8d0                __libc_init_array
 .text.__retarget_lock_init_recursive
                0x0800b918        0x2 C:/ST/STM32CubeIDE_1.19.0/STM32CubeIDE/plugins/com.st.stm32cube.ide.mcu.externaltools.gnu-tools-for-stm32.13.3.rel1.win32_1.0.0.202411081344/tools/bin/../lib/gcc/arm-none-eabi/13.3.1/../../../../arm-none-eabi/lib/thumb/v7e-m+fp/hard\libc_nano.a(libc_a-lock.o)
                0x0800b918                __retarget_lock_init_recursive
 .text.__retarget_lock_acquire_recursive
                0x0800b91a        0x2 C:/ST/STM32CubeIDE_1.19.0/STM32CubeIDE/plugins/com.st.stm32cube.ide.mcu.externaltools.gnu-tools-for-stm32.13.3.rel1.win32_1.0.0.202411081344/tools/bin/../lib/gcc/arm-none-eabi/13.3.1/../../../../arm-none-eabi/lib/thumb/v7e-m+fp/hard\libc_nano.a(libc_a-lock.o)
                0x0800b91a                __retarget_lock_acquire_recursive
 .text.__retarget_lock_release_recursive
                0x0800b91c        0x2 C:/ST/STM32CubeIDE_1.19.0/STM32CubeIDE/plugins/com.st.stm32cube.ide.mcu.externaltools.gnu-tools-for-stm32.13.3.rel1.win32_1.0.0.202411081344/tools/bin/../lib/gcc/arm-none-eabi/13.3.1/../../../../arm-none-eabi/lib/thumb/v7e-m+fp/hard\libc_nano.a(libc_a-lock.o)
                0x0800b91c                __retarget_lock_release_recursive
 *fill*         0x0800b91e        0x2 
 .text._free_r  0x0800b920       0x94 C:/ST/STM32CubeIDE_1.19.0/STM32CubeIDE/plugins/com.st.stm32cube.ide.mcu.externaltools.gnu-tools-for-stm32.13.3.rel1.win32_1.0.0.202411081344/tools/bin/../lib/gcc/arm-none-eabi/13.3.1/../../../../arm-none-eabi/lib/thumb/v7e-m+fp/hard\libc_nano.a(libc_a-freer.o)
                0x0800b920                _free_r
 .text.__ssputs_r
                0x0800b9b4       0xb6 C:/ST/STM32CubeIDE_1.19.0/STM32CubeIDE/plugins/com.st.stm32cube.ide.mcu.externaltools.gnu-tools-for-stm32.13.3.rel1.win32_1.0.0.202411081344/tools/bin/../lib/gcc/arm-none-eabi/13.3.1/../../../../arm-none-eabi/lib/thumb/v7e-m+fp/hard\libc_nano.a(libc_a-nano-svfprintf.o)
                0x0800b9b4                __ssputs_r
 *fill*         0x0800ba6a        0x2 
 .text._svfprintf_r
                0x0800ba6c      0x1f8 C:/ST/STM32CubeIDE_1.19.0/STM32CubeIDE/plugins/com.st.stm32cube.ide.mcu.externaltools.gnu-tools-for-stm32.13.3.rel1.win32_1.0.0.202411081344/tools/bin/../lib/gcc/arm-none-eabi/13.3.1/../../../../arm-none-eabi/lib/thumb/v7e-m+fp/hard\libc_nano.a(libc_a-nano-svfprintf.o)
                0x0800ba6c                _svfiprintf_r
                0x0800ba6c                _svfprintf_r
 .text.__sfputc_r
                0x0800bc64       0x2e C:/ST/STM32CubeIDE_1.19.0/STM32CubeIDE/plugins/com.st.stm32cube.ide.mcu.externaltools.gnu-tools-for-stm32.13.3.rel1.win32_1.0.0.202411081344/tools/bin/../lib/gcc/arm-none-eabi/13.3.1/../../../../arm-none-eabi/lib/thumb/v7e-m+fp/hard\libc_nano.a(libc_a-nano-vfprintf.o)
 .text.__sfputs_r
                0x0800bc92       0x24 C:/ST/STM32CubeIDE_1.19.0/STM32CubeIDE/plugins/com.st.stm32cube.ide.mcu.externaltools.gnu-tools-for-stm32.13.3.rel1.win32_1.0.0.202411081344/tools/bin/../lib/gcc/arm-none-eabi/13.3.1/../../../../arm-none-eabi/lib/thumb/v7e-m+fp/hard\libc_nano.a(libc_a-nano-vfprintf.o)
                0x0800bc92                __sfputs_r
 *fill*         0x0800bcb6        0x2 
 .text._vfprintf_r
                0x0800bcb8      0x230 C:/ST/STM32CubeIDE_1.19.0/STM32CubeIDE/plugins/com.st.stm32cube.ide.mcu.externaltools.gnu-tools-for-stm32.13.3.rel1.win32_1.0.0.202411081344/tools/bin/../lib/gcc/arm-none-eabi/13.3.1/../../../../arm-none-eabi/lib/thumb/v7e-m+fp/hard\libc_nano.a(libc_a-nano-vfprintf.o)
                0x0800bcb8                _vfprintf_r
                0x0800bcb8                _vfiprintf_r
 .text._printf_common
                0x0800bee8       0xda C:/ST/STM32CubeIDE_1.19.0/STM32CubeIDE/plugins/com.st.stm32cube.ide.mcu.externaltools.gnu-tools-for-stm32.13.3.rel1.win32_1.0.0.202411081344/tools/bin/../lib/gcc/arm-none-eabi/13.3.1/../../../../arm-none-eabi/lib/thumb/v7e-m+fp/hard\libc_nano.a(libc_a-nano-vfprintf_i.o)
                0x0800bee8                _printf_common
 *fill*         0x0800bfc2        0x2 
 .text._printf_i
                0x0800bfc4      0x23c C:/ST/STM32CubeIDE_1.19.0/STM32CubeIDE/plugins/com.st.stm32cube.ide.mcu.externaltools.gnu-tools-for-stm32.13.3.rel1.win32_1.0.0.202411081344/tools/bin/../lib/gcc/arm-none-eabi/13.3.1/../../../../arm-none-eabi/lib/thumb/v7e-m+fp/hard\libc_nano.a(libc_a-nano-vfprintf_i.o)
                0x0800bfc4                _printf_i
 .text.__sflush_r
                0x0800c200      0x108 C:/ST/STM32CubeIDE_1.19.0/STM32CubeIDE/plugins/com.st.stm32cube.ide.mcu.externaltools.gnu-tools-for-stm32.13.3.rel1.win32_1.0.0.202411081344/tools/bin/../lib/gcc/arm-none-eabi/13.3.1/../../../../arm-none-eabi/lib/thumb/v7e-m+fp/hard\libc_nano.a(libc_a-fflush.o)
                0x0800c200                __sflush_r
 .text._fflush_r
                0x0800c308       0x50 C:/ST/STM32CubeIDE_1.19.0/STM32CubeIDE/plugins/com.st.stm32cube.ide.mcu.externaltools.gnu-tools-for-stm32.13.3.rel1.win32_1.0.0.202411081344/tools/bin/../lib/gcc/arm-none-eabi/13.3.1/../../../../arm-none-eabi/lib/thumb/v7e-m+fp/hard\libc_nano.a(libc_a-fflush.o)
                0x0800c308                _fflush_r
 .text.__swhatbuf_r
                0x0800c358       0x4c C:/ST/STM32CubeIDE_1.19.0/STM32CubeIDE/plugins/com.st.stm32cube.ide.mcu.externaltools.gnu-tools-for-stm32.13.3.rel1.win32_1.0.0.202411081344/tools/bin/../lib/gcc/arm-none-eabi/13.3.1/../../../../arm-none-eabi/lib/thumb/v7e-m+fp/hard\libc_nano.a(libc_a-makebuf.o)
                0x0800c358                __swhatbuf_r
 .text.__smakebuf_r
                0x0800c3a4       0x78 C:/ST/STM32CubeIDE_1.19.0/STM32CubeIDE/plugins/com.st.stm32cube.ide.mcu.externaltools.gnu-tools-for-stm32.13.3.rel1.win32_1.0.0.202411081344/tools/bin/../lib/gcc/arm-none-eabi/13.3.1/../../../../arm-none-eabi/lib/thumb/v7e-m+fp/hard\libc_nano.a(libc_a-makebuf.o)
                0x0800c3a4                __smakebuf_r
 .text.memmove  0x0800c41c       0x34 C:/ST/STM32CubeIDE_1.19.0/STM32CubeIDE/plugins/com.st.stm32cube.ide.mcu.externaltools.gnu-tools-for-stm32.13.3.rel1.win32_1.0.0.202411081344/tools/bin/../lib/gcc/arm-none-eabi/13.3.1/../../../../arm-none-eabi/lib/thumb/v7e-m+fp/hard\libc_nano.a(libc_a-memmove.o)
                0x0800c41c                memmove
 .text._fstat_r
                0x0800c450       0x24 C:/ST/STM32CubeIDE_1.19.0/STM32CubeIDE/plugins/com.st.stm32cube.ide.mcu.externaltools.gnu-tools-for-stm32.13.3.rel1.win32_1.0.0.202411081344/tools/bin/../lib/gcc/arm-none-eabi/13.3.1/../../../../arm-none-eabi/lib/thumb/v7e-m+fp/hard\libc_nano.a(libc_a-fstatr.o)
                0x0800c450                _fstat_r
 .text._isatty_r
                0x0800c474       0x20 C:/ST/STM32CubeIDE_1.19.0/STM32CubeIDE/plugins/com.st.stm32cube.ide.mcu.externaltools.gnu-tools-for-stm32.13.3.rel1.win32_1.0.0.202411081344/tools/bin/../lib/gcc/arm-none-eabi/13.3.1/../../../../arm-none-eabi/lib/thumb/v7e-m+fp/hard\libc_nano.a(libc_a-isattyr.o)
                0x0800c474                _isatty_r
 .text.memcpy   0x0800c494       0x1c C:/ST/STM32CubeIDE_1.19.0/STM32CubeIDE/plugins/com.st.stm32cube.ide.mcu.externaltools.gnu-tools-for-stm32.13.3.rel1.win32_1.0.0.202411081344/tools/bin/../lib/gcc/arm-none-eabi/13.3.1/../../../../arm-none-eabi/lib/thumb/v7e-m+fp/hard\libc_nano.a(libc_a-memcpy-stub.o)
                0x0800c494                memcpy
 .text._realloc_r
                0x0800c4b0       0x5c C:/ST/STM32CubeIDE_1.19.0/STM32CubeIDE/plugins/com.st.stm32cube.ide.mcu.externaltools.gnu-tools-for-stm32.13.3.rel1.win32_1.0.0.202411081344/tools/bin/../lib/gcc/arm-none-eabi/13.3.1/../../../../arm-none-eabi/lib/thumb/v7e-m+fp/hard\libc_nano.a(libc_a-reallocr.o)
                0x0800c4b0                _realloc_r
 .text._malloc_usable_size_r
                0x0800c50c       0x10 C:/ST/STM32CubeIDE_1.19.0/STM32CubeIDE/plugins/com.st.stm32cube.ide.mcu.externaltools.gnu-tools-for-stm32.13.3.rel1.win32_1.0.0.202411081344/tools/bin/../lib/gcc/arm-none-eabi/13.3.1/../../../../arm-none-eabi/lib/thumb/v7e-m+fp/hard\libc_nano.a(libc_a-msizer.o)
                0x0800c50c                _malloc_usable_size_r
 *(.glue_7)
 .glue_7        0x0800c51c        0x0 linker stubs
 *(.glue_7t)
 .glue_7t       0x0800c51c        0x0 linker stubs
 *(.eh_frame)
 .eh_frame      0x0800c51c        0x0 C:/ST/STM32CubeIDE_1.19.0/STM32CubeIDE/plugins/com.st.stm32cube.ide.mcu.externaltools.gnu-tools-for-stm32.13.3.rel1.win32_1.0.0.202411081344/tools/bin/../lib/gcc/arm-none-eabi/13.3.1/thumb/v7e-m+fp/hard/crtbegin.o
 *(.init)
 .init          0x0800c51c        0x4 C:/ST/STM32CubeIDE_1.19.0/STM32CubeIDE/plugins/com.st.stm32cube.ide.mcu.externaltools.gnu-tools-for-stm32.13.3.rel1.win32_1.0.0.202411081344/tools/bin/../lib/gcc/arm-none-eabi/13.3.1/thumb/v7e-m+fp/hard/crti.o
                0x0800c51c                _init
 .init          0x0800c520        0x8 C:/ST/STM32CubeIDE_1.19.0/STM32CubeIDE/plugins/com.st.stm32cube.ide.mcu.externaltools.gnu-tools-for-stm32.13.3.rel1.win32_1.0.0.202411081344/tools/bin/../lib/gcc/arm-none-eabi/13.3.1/thumb/v7e-m+fp/hard/crtn.o
 *(.fini)
 .fini          0x0800c528        0x4 C:/ST/STM32CubeIDE_1.19.0/STM32CubeIDE/plugins/com.st.stm32cube.ide.mcu.externaltools.gnu-tools-for-stm32.13.3.rel1.win32_1.0.0.202411081344/tools/bin/../lib/gcc/arm-none-eabi/13.3.1/thumb/v7e-m+fp/hard/crti.o
                0x0800c528                _fini
 .fini          0x0800c52c        0x8 C:/ST/STM32CubeIDE_1.19.0/STM32CubeIDE/plugins/com.st.stm32cube.ide.mcu.externaltools.gnu-tools-for-stm32.13.3.rel1.win32_1.0.0.202411081344/tools/bin/../lib/gcc/arm-none-eabi/13.3.1/thumb/v7e-m+fp/hard/crtn.o
                0x0800c534                        . = ALIGN (0x4)
                0x0800c534                        _etext = .

.vfp11_veneer   0x0800c534        0x0
 .vfp11_veneer  0x0800c534        0x0 linker stubs

.v4_bx          0x0800c534        0x0
 .v4_bx         0x0800c534        0x0 linker stubs

.iplt           0x0800c534        0x0
 .iplt          0x0800c534        0x0 C:/ST/STM32CubeIDE_1.19.0/STM32CubeIDE/plugins/com.st.stm32cube.ide.mcu.externaltools.gnu-tools-for-stm32.13.3.rel1.win32_1.0.0.202411081344/tools/bin/../lib/gcc/arm-none-eabi/13.3.1/thumb/v7e-m+fp/hard/crtbegin.o

.rodata         0x0800c534    0x2b718
                0x0800c534                        . = ALIGN (0x4)
 *(.rodata)
 .rodata        0x0800c534      0x48f ./Core/Src/main.o
 *fill*         0x0800c9c3        0x1 
 .rodata        0x0800c9c4      0x1ea ./FATFS/Target/sd_diskio.o
 *fill*         0x0800cbae        0x2 
 .rodata        0x0800cbb0      0x402 ./FILE_TEST/file_opera.o
 *fill*         0x0800cfb2        0x2 
 .rodata        0x0800cfb4       0x48 ./Middlewares/Third_Party/FatFs/src/ff.o
 *(.rodata*)
 .rodata.AHBPrescTable
                0x0800cffc       0x10 ./Core/Src/system_stm32f4xx.o
                0x0800cffc                AHBPrescTable
 .rodata.APBPrescTable
                0x0800d00c        0x8 ./Core/Src/system_stm32f4xx.o
                0x0800d00c                APBPrescTable
 .rodata.flagBitshiftOffset.0
                0x0800d014        0x8 ./Drivers/STM32F4xx_HAL_Driver/Src/stm32f4xx_hal_dma.o
 .rodata.SD_Driver
                0x0800d01c       0x14 ./FATFS/Target/sd_diskio.o
                0x0800d01c                SD_Driver
 .rodata.LfnOfs
                0x0800d030        0xd ./Middlewares/Third_Party/FatFs/src/ff.o
 *fill*         0x0800d03d        0x3 
 .rodata.cst32.1
                0x0800d040        0xe ./Middlewares/Third_Party/FatFs/src/ff.o
 *fill*         0x0800d04e        0x2 
 .rodata.cst.0  0x0800d050        0xe ./Middlewares/Third_Party/FatFs/src/ff.o
 *fill*         0x0800d05e        0x2 
 .rodata.uni2oem
                0x0800d060    0x15484 ./Middlewares/Third_Party/FatFs/src/option/cc936.o
 .rodata.oem2uni
                0x080224e4    0x15484 ./Middlewares/Third_Party/FatFs/src/option/cc936.o
 .rodata.cvt1.1
                0x08037968      0x1f2 ./Middlewares/Third_Party/FatFs/src/option/cc936.o
 *fill*         0x08037b5a        0x2 
 .rodata.cvt2.0
                0x08037b5c       0xbc ./Middlewares/Third_Party/FatFs/src/option/cc936.o
 .rodata._svfprintf_r.str1.1
                0x08037c18       0x33 C:/ST/STM32CubeIDE_1.19.0/STM32CubeIDE/plugins/com.st.stm32cube.ide.mcu.externaltools.gnu-tools-for-stm32.13.3.rel1.win32_1.0.0.202411081344/tools/bin/../lib/gcc/arm-none-eabi/13.3.1/../../../../arm-none-eabi/lib/thumb/v7e-m+fp/hard\libc_nano.a(libc_a-nano-svfprintf.o)
                                 0x11 (size before relaxing)
 .rodata._vfprintf_r.str1.1
                0x08037c4b       0x11 C:/ST/STM32CubeIDE_1.19.0/STM32CubeIDE/plugins/com.st.stm32cube.ide.mcu.externaltools.gnu-tools-for-stm32.13.3.rel1.win32_1.0.0.202411081344/tools/bin/../lib/gcc/arm-none-eabi/13.3.1/../../../../arm-none-eabi/lib/thumb/v7e-m+fp/hard\libc_nano.a(libc_a-nano-vfprintf.o)
 .rodata._printf_i.str1.1
                0x08037c4b       0x22 C:/ST/STM32CubeIDE_1.19.0/STM32CubeIDE/plugins/com.st.stm32cube.ide.mcu.externaltools.gnu-tools-for-stm32.13.3.rel1.win32_1.0.0.202411081344/tools/bin/../lib/gcc/arm-none-eabi/13.3.1/../../../../arm-none-eabi/lib/thumb/v7e-m+fp/hard\libc_nano.a(libc_a-nano-vfprintf_i.o)
                0x08037c70                        . = ALIGN (0x4)
 *fill*         0x08037c4b        0x1 

.ARM.extab      0x08037c4c        0x0
                0x08037c4c                        . = ALIGN (0x4)
 *(.ARM.extab* .gnu.linkonce.armextab.*)
                0x08037c4c                        . = ALIGN (0x4)

.ARM            0x08037c4c        0x8
                0x08037c4c                        . = ALIGN (0x4)
                0x08037c4c                        __exidx_start = .
 *(.ARM.exidx*)
 .ARM.exidx     0x08037c4c        0x8 C:/ST/STM32CubeIDE_1.19.0/STM32CubeIDE/plugins/com.st.stm32cube.ide.mcu.externaltools.gnu-tools-for-stm32.13.3.rel1.win32_1.0.0.202411081344/tools/bin/../lib/gcc/arm-none-eabi/13.3.1/../../../../arm-none-eabi/lib/thumb/v7e-m+fp/hard\libc_nano.a(libc_a-memchr.o)
 .ARM.exidx     0x08037c54        0x0 C:/ST/STM32CubeIDE_1.19.0/STM32CubeIDE/plugins/com.st.stm32cube.ide.mcu.externaltools.gnu-tools-for-stm32.13.3.rel1.win32_1.0.0.202411081344/tools/bin/../lib/gcc/arm-none-eabi/13.3.1/thumb/v7e-m+fp/hard\libgcc.a(_udivmoddi4.o)
                                  0x8 (size before relaxing)
                0x08037c54                        __exidx_end = .
                0x08037c54                        . = ALIGN (0x4)

.preinit_array  0x08037c54        0x0
                0x08037c54                        . = ALIGN (0x4)
                0x08037c54                        PROVIDE (__preinit_array_start = .)
 *(.preinit_array*)
                0x08037c54                        PROVIDE (__preinit_array_end = .)
                0x08037c54                        . = ALIGN (0x4)

.init_array     0x08037c54        0x4
                0x08037c54                        . = ALIGN (0x4)
                0x08037c54                        PROVIDE (__init_array_start = .)
 *(SORT_BY_NAME(.init_array.*))
 *(.init_array*)
 .init_array    0x08037c54        0x4 C:/ST/STM32CubeIDE_1.19.0/STM32CubeIDE/plugins/com.st.stm32cube.ide.mcu.externaltools.gnu-tools-for-stm32.13.3.rel1.win32_1.0.0.202411081344/tools/bin/../lib/gcc/arm-none-eabi/13.3.1/thumb/v7e-m+fp/hard/crtbegin.o
                0x08037c58                        PROVIDE (__init_array_end = .)
                0x08037c58                        . = ALIGN (0x4)

.fini_array     0x08037c58        0x4
                0x08037c58                        . = ALIGN (0x4)
                [!provide]                        PROVIDE (__fini_array_start = .)
 *(SORT_BY_NAME(.fini_array.*))
 *(.fini_array*)
 .fini_array    0x08037c58        0x4 C:/ST/STM32CubeIDE_1.19.0/STM32CubeIDE/plugins/com.st.stm32cube.ide.mcu.externaltools.gnu-tools-for-stm32.13.3.rel1.win32_1.0.0.202411081344/tools/bin/../lib/gcc/arm-none-eabi/13.3.1/thumb/v7e-m+fp/hard/crtbegin.o
                [!provide]                        PROVIDE (__fini_array_end = .)
                0x08037c5c                        . = ALIGN (0x4)
                0x08037c5c                        _sidata = LOADADDR (.data)

.rel.dyn        0x08037c5c        0x0
 .rel.iplt      0x08037c5c        0x0 C:/ST/STM32CubeIDE_1.19.0/STM32CubeIDE/plugins/com.st.stm32cube.ide.mcu.externaltools.gnu-tools-for-stm32.13.3.rel1.win32_1.0.0.202411081344/tools/bin/../lib/gcc/arm-none-eabi/13.3.1/thumb/v7e-m+fp/hard/crtbegin.o

.data           0x20000000       0x6c load address 0x08037c5c
                0x20000000                        . = ALIGN (0x4)
                0x20000000                        _sdata = .
 *(.data)
 *(.data*)
 .data.status   0x20000000        0x1 ./Core/Src/main.o
                0x20000000                status
 *fill*         0x20000001        0x3 
 .data.SystemCoreClock
                0x20000004        0x4 ./Core/Src/system_stm32f4xx.o
                0x20000004                SystemCoreClock
 .data.uwTickPrio
                0x20000008        0x4 ./Drivers/STM32F4xx_HAL_Driver/Src/stm32f4xx_hal.o
                0x20000008                uwTickPrio
 .data.uwTickFreq
                0x2000000c        0x1 ./Drivers/STM32F4xx_HAL_Driver/Src/stm32f4xx_hal.o
                0x2000000c                uwTickFreq
 .data.Stat     0x2000000d        0x1 ./FATFS/Target/sd_diskio.o
 *fill*         0x2000000e        0x2 
 .data.__sglue  0x20000010        0xc C:/ST/STM32CubeIDE_1.19.0/STM32CubeIDE/plugins/com.st.stm32cube.ide.mcu.externaltools.gnu-tools-for-stm32.13.3.rel1.win32_1.0.0.202411081344/tools/bin/../lib/gcc/arm-none-eabi/13.3.1/../../../../arm-none-eabi/lib/thumb/v7e-m+fp/hard\libc_nano.a(libc_a-findfp.o)
                0x20000010                __sglue
 .data._impure_ptr
                0x2000001c        0x4 C:/ST/STM32CubeIDE_1.19.0/STM32CubeIDE/plugins/com.st.stm32cube.ide.mcu.externaltools.gnu-tools-for-stm32.13.3.rel1.win32_1.0.0.202411081344/tools/bin/../lib/gcc/arm-none-eabi/13.3.1/../../../../arm-none-eabi/lib/thumb/v7e-m+fp/hard\libc_nano.a(libc_a-impure.o)
                0x2000001c                _impure_ptr
 .data._impure_data
                0x20000020       0x4c C:/ST/STM32CubeIDE_1.19.0/STM32CubeIDE/plugins/com.st.stm32cube.ide.mcu.externaltools.gnu-tools-for-stm32.13.3.rel1.win32_1.0.0.202411081344/tools/bin/../lib/gcc/arm-none-eabi/13.3.1/../../../../arm-none-eabi/lib/thumb/v7e-m+fp/hard\libc_nano.a(libc_a-impure.o)
                0x20000020                _impure_data
 *(.RamFunc)
 *(.RamFunc*)
                0x2000006c                        . = ALIGN (0x4)
                0x2000006c                        _edata = .
                0x08037cc8                        _siccmram = LOADADDR (.ccmram)

.igot.plt       0x2000006c        0x0 load address 0x08037cc8
 .igot.plt      0x2000006c        0x0 C:/ST/STM32CubeIDE_1.19.0/STM32CubeIDE/plugins/com.st.stm32cube.ide.mcu.externaltools.gnu-tools-for-stm32.13.3.rel1.win32_1.0.0.202411081344/tools/bin/../lib/gcc/arm-none-eabi/13.3.1/thumb/v7e-m+fp/hard/crtbegin.o

.ccmram         0x10000000        0x0 load address 0x08037cc8
                0x10000000                        . = ALIGN (0x4)
                0x10000000                        _sccmram = .
 *(.ccmram)
 *(.ccmram*)
                0x10000000                        . = ALIGN (0x4)
                0x10000000                        _eccmram = .
                0x10000000                        . = ALIGN (0x4)

.bss            0x2000006c     0x1198
                0x2000006c                        _sbss = .
                0x2000006c                        __bss_start__ = _sbss
 *(.bss)
 .bss           0x2000006c       0x1c C:/ST/STM32CubeIDE_1.19.0/STM32CubeIDE/plugins/com.st.stm32cube.ide.mcu.externaltools.gnu-tools-for-stm32.13.3.rel1.win32_1.0.0.202411081344/tools/bin/../lib/gcc/arm-none-eabi/13.3.1/thumb/v7e-m+fp/hard/crtbegin.o
 *(.bss*)
 .bss.workBuffer
                0x20000088      0x800 ./Core/Src/main.o
                0x20000088                workBuffer
 .bss.hrtc      0x20000888       0x20 ./Core/Src/rtc.o
                0x20000888                hrtc
 .bss.hsd       0x200008a8       0x84 ./Core/Src/sdio.o
                0x200008a8                hsd
 .bss.hdma_sdio_tx
                0x2000092c       0x60 ./Core/Src/sdio.o
                0x2000092c                hdma_sdio_tx
 .bss.hdma_sdio_rx
                0x2000098c       0x60 ./Core/Src/sdio.o
                0x2000098c                hdma_sdio_rx
 .bss.__sbrk_heap_end
                0x200009ec        0x4 ./Core/Src/sysmem.o
 .bss.huart6    0x200009f0       0x48 ./Core/Src/usart.o
                0x200009f0                huart6
 .bss.uwTick    0x20000a38        0x4 ./Drivers/STM32F4xx_HAL_Driver/Src/stm32f4xx_hal.o
                0x20000a38                uwTick
 .bss.retSD     0x20000a3c        0x1 ./FATFS/App/fatfs.o
                0x20000a3c                retSD
 *fill*         0x20000a3d        0x3 
 .bss.SDPath    0x20000a40        0x4 ./FATFS/App/fatfs.o
                0x20000a40                SDPath
 .bss.SDFatFS   0x20000a44      0x234 ./FATFS/App/fatfs.o
                0x20000a44                SDFatFS
 .bss.SDBuf_TX  0x20000c78      0x200 ./FATFS/Target/sd_diskio.o
                0x20000c78                SDBuf_TX
 .bss.SDBuf_RX  0x20000e78      0x200 ./FATFS/Target/sd_diskio.o
                0x20000e78                SDBuf_RX
 .bss.WriteStatus
                0x20001078        0x4 ./FATFS/Target/sd_diskio.o
 .bss.ReadStatus
                0x2000107c        0x4 ./FATFS/Target/sd_diskio.o
 .bss.dt        0x20001080        0x4 ./FILE_TEST/file_opera.o
                0x20001080                dt
 .bss.FatFs     0x20001084        0x4 ./Middlewares/Third_Party/FatFs/src/ff.o
 .bss.Fsid      0x20001088        0x2 ./Middlewares/Third_Party/FatFs/src/ff.o
 *fill*         0x2000108a        0x2 
 .bss.Files     0x2000108c       0x20 ./Middlewares/Third_Party/FatFs/src/ff.o
 .bss.disk      0x200010ac        0xc ./Middlewares/Third_Party/FatFs/src/ff_gen_drv.o
                0x200010ac                disk
 .bss.__malloc_sbrk_start
                0x200010b8        0x4 C:/ST/STM32CubeIDE_1.19.0/STM32CubeIDE/plugins/com.st.stm32cube.ide.mcu.externaltools.gnu-tools-for-stm32.13.3.rel1.win32_1.0.0.202411081344/tools/bin/../lib/gcc/arm-none-eabi/13.3.1/../../../../arm-none-eabi/lib/thumb/v7e-m+fp/hard\libc_nano.a(libc_a-mallocr.o)
                0x200010b8                __malloc_sbrk_start
 .bss.__malloc_free_list
                0x200010bc        0x4 C:/ST/STM32CubeIDE_1.19.0/STM32CubeIDE/plugins/com.st.stm32cube.ide.mcu.externaltools.gnu-tools-for-stm32.13.3.rel1.win32_1.0.0.202411081344/tools/bin/../lib/gcc/arm-none-eabi/13.3.1/../../../../arm-none-eabi/lib/thumb/v7e-m+fp/hard\libc_nano.a(libc_a-mallocr.o)
                0x200010bc                __malloc_free_list
 .bss.__sf      0x200010c0      0x138 C:/ST/STM32CubeIDE_1.19.0/STM32CubeIDE/plugins/com.st.stm32cube.ide.mcu.externaltools.gnu-tools-for-stm32.13.3.rel1.win32_1.0.0.202411081344/tools/bin/../lib/gcc/arm-none-eabi/13.3.1/../../../../arm-none-eabi/lib/thumb/v7e-m+fp/hard\libc_nano.a(libc_a-findfp.o)
                0x200010c0                __sf
 .bss.__stdio_exit_handler
                0x200011f8        0x4 C:/ST/STM32CubeIDE_1.19.0/STM32CubeIDE/plugins/com.st.stm32cube.ide.mcu.externaltools.gnu-tools-for-stm32.13.3.rel1.win32_1.0.0.202411081344/tools/bin/../lib/gcc/arm-none-eabi/13.3.1/../../../../arm-none-eabi/lib/thumb/v7e-m+fp/hard\libc_nano.a(libc_a-findfp.o)
                0x200011f8                __stdio_exit_handler
 .bss.errno     0x200011fc        0x4 C:/ST/STM32CubeIDE_1.19.0/STM32CubeIDE/plugins/com.st.stm32cube.ide.mcu.externaltools.gnu-tools-for-stm32.13.3.rel1.win32_1.0.0.202411081344/tools/bin/../lib/gcc/arm-none-eabi/13.3.1/../../../../arm-none-eabi/lib/thumb/v7e-m+fp/hard\libc_nano.a(libc_a-reent.o)
                0x200011fc                errno
 .bss.__lock___malloc_recursive_mutex
                0x20001200        0x1 C:/ST/STM32CubeIDE_1.19.0/STM32CubeIDE/plugins/com.st.stm32cube.ide.mcu.externaltools.gnu-tools-for-stm32.13.3.rel1.win32_1.0.0.202411081344/tools/bin/../lib/gcc/arm-none-eabi/13.3.1/../../../../arm-none-eabi/lib/thumb/v7e-m+fp/hard\libc_nano.a(libc_a-lock.o)
                0x20001200                __lock___malloc_recursive_mutex
 .bss.__lock___sfp_recursive_mutex
                0x20001201        0x1 C:/ST/STM32CubeIDE_1.19.0/STM32CubeIDE/plugins/com.st.stm32cube.ide.mcu.externaltools.gnu-tools-for-stm32.13.3.rel1.win32_1.0.0.202411081344/tools/bin/../lib/gcc/arm-none-eabi/13.3.1/../../../../arm-none-eabi/lib/thumb/v7e-m+fp/hard\libc_nano.a(libc_a-lock.o)
                0x20001201                __lock___sfp_recursive_mutex
 *(COMMON)
                0x20001204                        . = ALIGN (0x4)
 *fill*         0x20001202        0x2 
                0x20001204                        _ebss = .
                0x20001204                        __bss_end__ = _ebss

._user_heap_stack
                0x20001204      0x604
                0x20001208                        . = ALIGN (0x8)
 *fill*         0x20001204        0x4 
                [!provide]                        PROVIDE (end = .)
                0x20001208                        PROVIDE (_end = .)
                0x20001408                        . = (. + _Min_Heap_Size)
 *fill*         0x20001208      0x200 
                0x20001808                        . = (. + _Min_Stack_Size)
 *fill*         0x20001408      0x400 
                0x20001808                        . = ALIGN (0x8)

/DISCARD/
 libc.a(*)
 libm.a(*)
 libgcc.a(*)

.ARM.attributes
                0x00000000       0x30
 *(.ARM.attributes)
 .ARM.attributes
                0x00000000       0x22 C:/ST/STM32CubeIDE_1.19.0/STM32CubeIDE/plugins/com.st.stm32cube.ide.mcu.externaltools.gnu-tools-for-stm32.13.3.rel1.win32_1.0.0.202411081344/tools/bin/../lib/gcc/arm-none-eabi/13.3.1/thumb/v7e-m+fp/hard/crti.o
 .ARM.attributes
                0x00000022       0x34 C:/ST/STM32CubeIDE_1.19.0/STM32CubeIDE/plugins/com.st.stm32cube.ide.mcu.externaltools.gnu-tools-for-stm32.13.3.rel1.win32_1.0.0.202411081344/tools/bin/../lib/gcc/arm-none-eabi/13.3.1/thumb/v7e-m+fp/hard/crtbegin.o
 .ARM.attributes
                0x00000056       0x34 ./Core/Src/dma.o
 .ARM.attributes
                0x0000008a       0x34 ./Core/Src/gpio.o
 .ARM.attributes
                0x000000be       0x34 ./Core/Src/main.o
 .ARM.attributes
                0x000000f2       0x34 ./Core/Src/rtc.o
 .ARM.attributes
                0x00000126       0x34 ./Core/Src/sdio.o
 .ARM.attributes
                0x0000015a       0x34 ./Core/Src/stm32f4xx_hal_msp.o
 .ARM.attributes
                0x0000018e       0x34 ./Core/Src/stm32f4xx_it.o
 .ARM.attributes
                0x000001c2       0x34 ./Core/Src/syscalls.o
 .ARM.attributes
                0x000001f6       0x34 ./Core/Src/sysmem.o
 .ARM.attributes
                0x0000022a       0x34 ./Core/Src/system_stm32f4xx.o
 .ARM.attributes
                0x0000025e       0x34 ./Core/Src/usart.o
 .ARM.attributes
                0x00000292       0x21 ./Core/Startup/startup_stm32f407zgtx.o
 .ARM.attributes
                0x000002b3       0x34 ./Drivers/STM32F4xx_HAL_Driver/Src/stm32f4xx_hal.o
 .ARM.attributes
                0x000002e7       0x34 ./Drivers/STM32F4xx_HAL_Driver/Src/stm32f4xx_hal_cortex.o
 .ARM.attributes
                0x0000031b       0x34 ./Drivers/STM32F4xx_HAL_Driver/Src/stm32f4xx_hal_dma.o
 .ARM.attributes
                0x0000034f       0x34 ./Drivers/STM32F4xx_HAL_Driver/Src/stm32f4xx_hal_gpio.o
 .ARM.attributes
                0x00000383       0x34 ./Drivers/STM32F4xx_HAL_Driver/Src/stm32f4xx_hal_rcc.o
 .ARM.attributes
                0x000003b7       0x34 ./Drivers/STM32F4xx_HAL_Driver/Src/stm32f4xx_hal_rcc_ex.o
 .ARM.attributes
                0x000003eb       0x34 ./Drivers/STM32F4xx_HAL_Driver/Src/stm32f4xx_hal_rtc.o
 .ARM.attributes
                0x0000041f       0x34 ./Drivers/STM32F4xx_HAL_Driver/Src/stm32f4xx_hal_sd.o
 .ARM.attributes
                0x00000453       0x34 ./Drivers/STM32F4xx_HAL_Driver/Src/stm32f4xx_hal_uart.o
 .ARM.attributes
                0x00000487       0x34 ./Drivers/STM32F4xx_HAL_Driver/Src/stm32f4xx_ll_sdmmc.o
 .ARM.attributes
                0x000004bb       0x34 ./FATFS/App/fatfs.o
 .ARM.attributes
                0x000004ef       0x34 ./FATFS/Target/bsp_driver_sd.o
 .ARM.attributes
                0x00000523       0x34 ./FATFS/Target/sd_diskio.o
 .ARM.attributes
                0x00000557       0x34 ./FILE_TEST/file_opera.o
 .ARM.attributes
                0x0000058b       0x34 ./KEY_LED/keyled.o
 .ARM.attributes
                0x000005bf       0x34 ./Middlewares/Third_Party/FatFs/src/diskio.o
 .ARM.attributes
                0x000005f3       0x34 ./Middlewares/Third_Party/FatFs/src/ff.o
 .ARM.attributes
                0x00000627       0x34 ./Middlewares/Third_Party/FatFs/src/ff_gen_drv.o
 .ARM.attributes
                0x0000065b       0x34 ./Middlewares/Third_Party/FatFs/src/option/cc936.o
 .ARM.attributes
                0x0000068f       0x34 ./Middlewares/Third_Party/FatFs/src/option/syscall.o
 .ARM.attributes
                0x000006c3       0x34 C:/ST/STM32CubeIDE_1.19.0/STM32CubeIDE/plugins/com.st.stm32cube.ide.mcu.externaltools.gnu-tools-for-stm32.13.3.rel1.win32_1.0.0.202411081344/tools/bin/../lib/gcc/arm-none-eabi/13.3.1/../../../../arm-none-eabi/lib/thumb/v7e-m+fp/hard\libc_nano.a(libc_a-malloc.o)
 .ARM.attributes
                0x000006f7       0x34 C:/ST/STM32CubeIDE_1.19.0/STM32CubeIDE/plugins/com.st.stm32cube.ide.mcu.externaltools.gnu-tools-for-stm32.13.3.rel1.win32_1.0.0.202411081344/tools/bin/../lib/gcc/arm-none-eabi/13.3.1/../../../../arm-none-eabi/lib/thumb/v7e-m+fp/hard\libc_nano.a(libc_a-mallocr.o)
 .ARM.attributes
                0x0000072b       0x34 C:/ST/STM32CubeIDE_1.19.0/STM32CubeIDE/plugins/com.st.stm32cube.ide.mcu.externaltools.gnu-tools-for-stm32.13.3.rel1.win32_1.0.0.202411081344/tools/bin/../lib/gcc/arm-none-eabi/13.3.1/../../../../arm-none-eabi/lib/thumb/v7e-m+fp/hard\libc_nano.a(libc_a-mlock.o)
 .ARM.attributes
                0x0000075f       0x34 C:/ST/STM32CubeIDE_1.19.0/STM32CubeIDE/plugins/com.st.stm32cube.ide.mcu.externaltools.gnu-tools-for-stm32.13.3.rel1.win32_1.0.0.202411081344/tools/bin/../lib/gcc/arm-none-eabi/13.3.1/../../../../arm-none-eabi/lib/thumb/v7e-m+fp/hard\libc_nano.a(libc_a-findfp.o)
 .ARM.attributes
                0x00000793       0x34 C:/ST/STM32CubeIDE_1.19.0/STM32CubeIDE/plugins/com.st.stm32cube.ide.mcu.externaltools.gnu-tools-for-stm32.13.3.rel1.win32_1.0.0.202411081344/tools/bin/../lib/gcc/arm-none-eabi/13.3.1/../../../../arm-none-eabi/lib/thumb/v7e-m+fp/hard\libc_nano.a(libc_a-fwalk.o)
 .ARM.attributes
                0x000007c7       0x34 C:/ST/STM32CubeIDE_1.19.0/STM32CubeIDE/plugins/com.st.stm32cube.ide.mcu.externaltools.gnu-tools-for-stm32.13.3.rel1.win32_1.0.0.202411081344/tools/bin/../lib/gcc/arm-none-eabi/13.3.1/../../../../arm-none-eabi/lib/thumb/v7e-m+fp/hard\libc_nano.a(libc_a-printf.o)
 .ARM.attributes
                0x000007fb       0x34 C:/ST/STM32CubeIDE_1.19.0/STM32CubeIDE/plugins/com.st.stm32cube.ide.mcu.externaltools.gnu-tools-for-stm32.13.3.rel1.win32_1.0.0.202411081344/tools/bin/../lib/gcc/arm-none-eabi/13.3.1/../../../../arm-none-eabi/lib/thumb/v7e-m+fp/hard\libc_nano.a(libc_a-puts.o)
 .ARM.attributes
                0x0000082f       0x34 C:/ST/STM32CubeIDE_1.19.0/STM32CubeIDE/plugins/com.st.stm32cube.ide.mcu.externaltools.gnu-tools-for-stm32.13.3.rel1.win32_1.0.0.202411081344/tools/bin/../lib/gcc/arm-none-eabi/13.3.1/../../../../arm-none-eabi/lib/thumb/v7e-m+fp/hard\libc_nano.a(libc_a-sprintf.o)
 .ARM.attributes
                0x00000863       0x34 C:/ST/STM32CubeIDE_1.19.0/STM32CubeIDE/plugins/com.st.stm32cube.ide.mcu.externaltools.gnu-tools-for-stm32.13.3.rel1.win32_1.0.0.202411081344/tools/bin/../lib/gcc/arm-none-eabi/13.3.1/../../../../arm-none-eabi/lib/thumb/v7e-m+fp/hard\libc_nano.a(libc_a-stdio.o)
 .ARM.attributes
                0x00000897       0x34 C:/ST/STM32CubeIDE_1.19.0/STM32CubeIDE/plugins/com.st.stm32cube.ide.mcu.externaltools.gnu-tools-for-stm32.13.3.rel1.win32_1.0.0.202411081344/tools/bin/../lib/gcc/arm-none-eabi/13.3.1/../../../../arm-none-eabi/lib/thumb/v7e-m+fp/hard\libc_nano.a(libc_a-wbuf.o)
 .ARM.attributes
                0x000008cb       0x34 C:/ST/STM32CubeIDE_1.19.0/STM32CubeIDE/plugins/com.st.stm32cube.ide.mcu.externaltools.gnu-tools-for-stm32.13.3.rel1.win32_1.0.0.202411081344/tools/bin/../lib/gcc/arm-none-eabi/13.3.1/../../../../arm-none-eabi/lib/thumb/v7e-m+fp/hard\libc_nano.a(libc_a-wsetup.o)
 .ARM.attributes
                0x000008ff       0x34 C:/ST/STM32CubeIDE_1.19.0/STM32CubeIDE/plugins/com.st.stm32cube.ide.mcu.externaltools.gnu-tools-for-stm32.13.3.rel1.win32_1.0.0.202411081344/tools/bin/../lib/gcc/arm-none-eabi/13.3.1/../../../../arm-none-eabi/lib/thumb/v7e-m+fp/hard\libc_nano.a(libc_a-memset.o)
 .ARM.attributes
                0x00000933       0x34 C:/ST/STM32CubeIDE_1.19.0/STM32CubeIDE/plugins/com.st.stm32cube.ide.mcu.externaltools.gnu-tools-for-stm32.13.3.rel1.win32_1.0.0.202411081344/tools/bin/../lib/gcc/arm-none-eabi/13.3.1/../../../../arm-none-eabi/lib/thumb/v7e-m+fp/hard\libc_nano.a(libc_a-closer.o)
 .ARM.attributes
                0x00000967       0x34 C:/ST/STM32CubeIDE_1.19.0/STM32CubeIDE/plugins/com.st.stm32cube.ide.mcu.externaltools.gnu-tools-for-stm32.13.3.rel1.win32_1.0.0.202411081344/tools/bin/../lib/gcc/arm-none-eabi/13.3.1/../../../../arm-none-eabi/lib/thumb/v7e-m+fp/hard\libc_nano.a(libc_a-reent.o)
 .ARM.attributes